Archive member included to satisfy reference by file (symbol)

k:/intelfpga_lite/18.1/nios2eds/bin/gnu/h-x86_64-mingw32/bin/../lib/gcc/nios2-elf/5.3.0/../../../../../H-x86_64-mingw32/nios2-elf/lib/mno-hw-mul\libsmallc.a(lib_a-puts.o)
                              obj/default/sem.o (puts)
k:/intelfpga_lite/18.1/nios2eds/bin/gnu/h-x86_64-mingw32/bin/../lib/gcc/nios2-elf/5.3.0/../../../../../H-x86_64-mingw32/nios2-elf/lib/mno-hw-mul\libsmallc.a(lib_a-strlen.o)
                              k:/intelfpga_lite/18.1/nios2eds/bin/gnu/h-x86_64-mingw32/bin/../lib/gcc/nios2-elf/5.3.0/../../../../../H-x86_64-mingw32/nios2-elf/lib/mno-hw-mul\libsmallc.a(lib_a-puts.o) (strlen)
k:/intelfpga_lite/18.1/nios2eds/bin/gnu/h-x86_64-mingw32/bin/../lib/gcc/nios2-elf/5.3.0/../../../../../H-x86_64-mingw32/nios2-elf/lib/mno-hw-mul\libsmallc.a(lib_a-fvwrite_small_dev.o)
                              k:/intelfpga_lite/18.1/nios2eds/bin/gnu/h-x86_64-mingw32/bin/../lib/gcc/nios2-elf/5.3.0/../../../../../H-x86_64-mingw32/nios2-elf/lib/mno-hw-mul\libsmallc.a(lib_a-puts.o) (__sfvwrite_small_dev)
k:/intelfpga_lite/18.1/nios2eds/bin/gnu/h-x86_64-mingw32/bin/../lib/gcc/nios2-elf/5.3.0/../../../../../H-x86_64-mingw32/nios2-elf/lib/mno-hw-mul\libsmallc.a(lib_a-impure.o)
                              k:/intelfpga_lite/18.1/nios2eds/bin/gnu/h-x86_64-mingw32/bin/../lib/gcc/nios2-elf/5.3.0/../../../../../H-x86_64-mingw32/nios2-elf/lib/mno-hw-mul\libsmallc.a(lib_a-puts.o) (_impure_ptr)
k:/intelfpga_lite/18.1/nios2eds/bin/gnu/h-x86_64-mingw32/bin/../lib/gcc/nios2-elf/5.3.0/../../../../../H-x86_64-mingw32/nios2-elf/lib/mno-hw-mul\libsmallc.a(lib_a-writer.o)
                              k:/intelfpga_lite/18.1/nios2eds/bin/gnu/h-x86_64-mingw32/bin/../lib/gcc/nios2-elf/5.3.0/../../../../../H-x86_64-mingw32/nios2-elf/lib/mno-hw-mul\libsmallc.a(lib_a-fvwrite_small_dev.o) (_write_r)
k:/intelfpga_lite/18.1/nios2eds/bin/gnu/h-x86_64-mingw32/bin/../lib/gcc/nios2-elf/5.3.0/../../../../../H-x86_64-mingw32/nios2-elf/lib/mno-hw-mul\libsmallc.a(lib_a-int_errno.o)
                              k:/intelfpga_lite/18.1/nios2eds/bin/gnu/h-x86_64-mingw32/bin/../lib/gcc/nios2-elf/5.3.0/../../../../../H-x86_64-mingw32/nios2-elf/lib/mno-hw-mul\libsmallc.a(lib_a-writer.o) (errno)
../Lab2_bsp/\libhal_bsp.a(alt_dcache_flush.o)
                              obj/default/sem.o (alt_dcache_flush)
../Lab2_bsp/\libhal_bsp.a(alt_load.o)
                              ../Lab2_bsp//obj/HAL/src/crt0.o (alt_load)
../Lab2_bsp/\libhal_bsp.a(alt_main.o)
                              ../Lab2_bsp//obj/HAL/src/crt0.o (alt_main)
../Lab2_bsp/\libhal_bsp.a(alt_write.o)
                              k:/intelfpga_lite/18.1/nios2eds/bin/gnu/h-x86_64-mingw32/bin/../lib/gcc/nios2-elf/5.3.0/../../../../../H-x86_64-mingw32/nios2-elf/lib/mno-hw-mul\libsmallc.a(lib_a-writer.o) (write)
../Lab2_bsp/\libhal_bsp.a(alt_sys_init.o)
                              ../Lab2_bsp/\libhal_bsp.a(alt_main.o) (alt_irq_init)
../Lab2_bsp/\libhal_bsp.a(altera_avalon_jtag_uart_fd.o)
                              ../Lab2_bsp/\libhal_bsp.a(alt_sys_init.o) (altera_avalon_jtag_uart_read_fd)
../Lab2_bsp/\libhal_bsp.a(altera_avalon_jtag_uart_init.o)
                              ../Lab2_bsp/\libhal_bsp.a(alt_sys_init.o) (altera_avalon_jtag_uart_init)
../Lab2_bsp/\libhal_bsp.a(altera_avalon_jtag_uart_ioctl.o)
                              ../Lab2_bsp/\libhal_bsp.a(altera_avalon_jtag_uart_fd.o) (altera_avalon_jtag_uart_ioctl)
../Lab2_bsp/\libhal_bsp.a(altera_avalon_jtag_uart_read.o)
                              ../Lab2_bsp/\libhal_bsp.a(altera_avalon_jtag_uart_fd.o) (altera_avalon_jtag_uart_read)
../Lab2_bsp/\libhal_bsp.a(altera_avalon_jtag_uart_write.o)
                              ../Lab2_bsp/\libhal_bsp.a(altera_avalon_jtag_uart_fd.o) (altera_avalon_jtag_uart_write)
../Lab2_bsp/\libhal_bsp.a(altera_avalon_timer_sc.o)
                              ../Lab2_bsp/\libhal_bsp.a(alt_sys_init.o) (alt_avalon_timer_sc_init)
../Lab2_bsp/\libhal_bsp.a(alt_alarm_start.o)
                              ../Lab2_bsp/\libhal_bsp.a(altera_avalon_jtag_uart_init.o) (alt_alarm_start)
../Lab2_bsp/\libhal_bsp.a(alt_close.o)
                              ../Lab2_bsp/\libhal_bsp.a(alt_main.o) (close)
../Lab2_bsp/\libhal_bsp.a(alt_dcache_flush_all.o)
                              ../Lab2_bsp/\libhal_bsp.a(alt_load.o) (alt_dcache_flush_all)
../Lab2_bsp/\libhal_bsp.a(alt_dev.o)
                              ../Lab2_bsp/\libhal_bsp.a(alt_sys_init.o) (alt_dev_list)
../Lab2_bsp/\libhal_bsp.a(alt_dev_llist_insert.o)
                              ../Lab2_bsp/\libhal_bsp.a(alt_sys_init.o) (alt_dev_llist_insert)
../Lab2_bsp/\libhal_bsp.a(alt_errno.o)
                              ../Lab2_bsp/\libhal_bsp.a(alt_write.o) (alt_errno)
../Lab2_bsp/\libhal_bsp.a(alt_icache_flush_all.o)
                              ../Lab2_bsp/\libhal_bsp.a(alt_load.o) (alt_icache_flush_all)
../Lab2_bsp/\libhal_bsp.a(alt_iic.o)
                              ../Lab2_bsp/\libhal_bsp.a(altera_avalon_jtag_uart_init.o) (alt_ic_isr_register)
../Lab2_bsp/\libhal_bsp.a(alt_iic_isr_register.o)
                              ../Lab2_bsp/\libhal_bsp.a(alt_iic.o) (alt_iic_isr_register)
../Lab2_bsp/\libhal_bsp.a(alt_io_redirect.o)
                              ../Lab2_bsp/\libhal_bsp.a(alt_main.o) (alt_io_redirect)
../Lab2_bsp/\libhal_bsp.a(alt_irq_entry.o)
                              ../Lab2_bsp/\libhal_bsp.a(alt_iic_isr_register.o) (alt_irq_entry)
../Lab2_bsp/\libhal_bsp.a(alt_irq_handler.o)
                              ../Lab2_bsp/\libhal_bsp.a(alt_iic_isr_register.o) (alt_irq)
../Lab2_bsp/\libhal_bsp.a(alt_irq_vars.o)
                              ../Lab2_bsp/\libhal_bsp.a(alt_iic.o) (alt_irq_active)
../Lab2_bsp/\libhal_bsp.a(alt_open.o)
                              ../Lab2_bsp/\libhal_bsp.a(alt_io_redirect.o) (open)
../Lab2_bsp/\libhal_bsp.a(alt_release_fd.o)
                              ../Lab2_bsp/\libhal_bsp.a(alt_close.o) (alt_release_fd)
../Lab2_bsp/\libhal_bsp.a(alt_tick.o)
                              ../Lab2_bsp/\libhal_bsp.a(altera_avalon_jtag_uart_init.o) (_alt_tick_rate)
../Lab2_bsp/\libhal_bsp.a(altera_nios2_gen2_irq.o)
                              ../Lab2_bsp/\libhal_bsp.a(alt_sys_init.o) (altera_nios2_gen2_irq_init)
../Lab2_bsp/\libhal_bsp.a(alt_exception_entry.o)
                              ../Lab2_bsp/\libhal_bsp.a(alt_irq_entry.o) (alt_exception)
../Lab2_bsp/\libhal_bsp.a(alt_find_dev.o)
                              ../Lab2_bsp/\libhal_bsp.a(alt_open.o) (alt_find_dev)
../Lab2_bsp/\libhal_bsp.a(alt_find_file.o)
                              ../Lab2_bsp/\libhal_bsp.a(alt_open.o) (alt_find_file)
../Lab2_bsp/\libhal_bsp.a(alt_get_fd.o)
                              ../Lab2_bsp/\libhal_bsp.a(alt_open.o) (alt_get_fd)
../Lab2_bsp/\libhal_bsp.a(alt_instruction_exception_entry.o)
                              ../Lab2_bsp/\libhal_bsp.a(alt_exception_entry.o) (alt_instruction_exception_entry)
k:/intelfpga_lite/18.1/nios2eds/bin/gnu/h-x86_64-mingw32/bin/../lib/gcc/nios2-elf/5.3.0/../../../../../H-x86_64-mingw32/nios2-elf/lib/mno-hw-mul\libsmallc.a(lib_a-exit.o)
                              ../Lab2_bsp/\libhal_bsp.a(alt_main.o) (exit)
k:/intelfpga_lite/18.1/nios2eds/bin/gnu/h-x86_64-mingw32/bin/../lib/gcc/nios2-elf/5.3.0/../../../../../H-x86_64-mingw32/nios2-elf/lib/mno-hw-mul\libsmallc.a(lib_a-memcmp.o)
                              ../Lab2_bsp/\libhal_bsp.a(alt_find_dev.o) (memcmp)
k:/intelfpga_lite/18.1/nios2eds/bin/gnu/h-x86_64-mingw32/bin/../lib/gcc/nios2-elf/5.3.0/../../../../../H-x86_64-mingw32/nios2-elf/lib/mno-hw-mul\libsmallc.a(lib_a-memcpy.o)
                              ../Lab2_bsp/\libhal_bsp.a(altera_avalon_jtag_uart_read.o) (memcpy)
k:/intelfpga_lite/18.1/nios2eds/bin/gnu/h-x86_64-mingw32/bin/../lib/gcc/nios2-elf/5.3.0/../../../../../H-x86_64-mingw32/nios2-elf/lib/mno-hw-mul\libsmallc.a(lib_a-__call_atexit.o)
                              k:/intelfpga_lite/18.1/nios2eds/bin/gnu/h-x86_64-mingw32/bin/../lib/gcc/nios2-elf/5.3.0/../../../../../H-x86_64-mingw32/nios2-elf/lib/mno-hw-mul\libsmallc.a(lib_a-exit.o) (__call_exitprocs)
k:/intelfpga_lite/18.1/nios2eds/bin/gnu/h-x86_64-mingw32/bin/../lib/gcc/nios2-elf/5.3.0/mno-hw-mul\libgcc.a(lib2-mul.o)
                              ../Lab2_bsp/\libhal_bsp.a(alt_write.o) (__mulsi3)
../Lab2_bsp/\libhal_bsp.a(alt_exit.o)
                              k:/intelfpga_lite/18.1/nios2eds/bin/gnu/h-x86_64-mingw32/bin/../lib/gcc/nios2-elf/5.3.0/../../../../../H-x86_64-mingw32/nios2-elf/lib/mno-hw-mul\libsmallc.a(lib_a-exit.o) (_exit)

Allocating common symbols
Common symbol       size              file

alt_irq             0x100             ../Lab2_bsp/\libhal_bsp.a(alt_irq_handler.o)
errno               0x4               k:/intelfpga_lite/18.1/nios2eds/bin/gnu/h-x86_64-mingw32/bin/../lib/gcc/nios2-elf/5.3.0/../../../../../H-x86_64-mingw32/nios2-elf/lib/mno-hw-mul\libsmallc.a(lib_a-int_errno.o)

Memory Configuration

Name             Origin             Length             Attributes
reset            0x0000000000000000 0x0000000000000020
mem              0x0000000000000020 0x000000000001ffe0
*default*        0x0000000000000000 0xffffffffffffffff

Linker script and memory map

LOAD ../Lab2_bsp//obj/HAL/src/crt0.o
LOAD obj/default/sem.o
LOAD k:/intelfpga_lite/18.1/nios2eds/bin/gnu/h-x86_64-mingw32/bin/../lib/gcc/nios2-elf/5.3.0/../../../../../H-x86_64-mingw32/nios2-elf/lib/mno-hw-mul\libstdc++.a
LOAD k:/intelfpga_lite/18.1/nios2eds/bin/gnu/h-x86_64-mingw32/bin/../lib/gcc/nios2-elf/5.3.0/../../../../../H-x86_64-mingw32/nios2-elf/lib/mno-hw-mul\libm.a
LOAD k:/intelfpga_lite/18.1/nios2eds/bin/gnu/h-x86_64-mingw32/bin/../lib/gcc/nios2-elf/5.3.0/mno-hw-mul\libgcc.a
START GROUP
LOAD k:/intelfpga_lite/18.1/nios2eds/bin/gnu/h-x86_64-mingw32/bin/../lib/gcc/nios2-elf/5.3.0/../../../../../H-x86_64-mingw32/nios2-elf/lib/mno-hw-mul\libsmallc.a
LOAD k:/intelfpga_lite/18.1/nios2eds/bin/gnu/h-x86_64-mingw32/bin/../lib/gcc/nios2-elf/5.3.0/mno-hw-mul\libgcc.a
LOAD ../Lab2_bsp/\libhal_bsp.a
LOAD k:/intelfpga_lite/18.1/nios2eds/bin/gnu/h-x86_64-mingw32/bin/../lib/gcc/nios2-elf/5.3.0/../../../../../H-x86_64-mingw32/nios2-elf/lib/mno-hw-mul\libm.a
END GROUP
LOAD k:/intelfpga_lite/18.1/nios2eds/bin/gnu/h-x86_64-mingw32/bin/../lib/gcc/nios2-elf/5.3.0/mno-hw-mul\libgcc.a
                0x0000000000000000                __alt_mem_mem = 0x0

.entry          0x0000000000000000       0x20
 *(.entry)
 .entry         0x0000000000000000       0x20 ../Lab2_bsp//obj/HAL/src/crt0.o
                0x0000000000000000                __reset

.exceptions     0x0000000000000020      0x210
                0x0000000000000020                PROVIDE (__ram_exceptions_start, ABSOLUTE (.))
                0x0000000000000020                . = ALIGN (0x20)
 *(.irq)
 *(.exceptions.entry.label)
 .exceptions.entry.label
                0x0000000000000020        0x0 ../Lab2_bsp/\libhal_bsp.a(alt_irq_entry.o)
                0x0000000000000020                alt_irq_entry
 .exceptions.entry.label
                0x0000000000000020        0x0 ../Lab2_bsp/\libhal_bsp.a(alt_exception_entry.o)
                0x0000000000000020                alt_exception
 *(.exceptions.entry.user)
 *(.exceptions.entry.ecc_fatal)
 *(.exceptions.entry)
 .exceptions.entry
                0x0000000000000020       0x54 ../Lab2_bsp/\libhal_bsp.a(alt_exception_entry.o)
 *(.exceptions.irqtest.user)
 *(.exceptions.irqtest)
 .exceptions.irqtest
                0x0000000000000074       0x10 ../Lab2_bsp/\libhal_bsp.a(alt_irq_entry.o)
 *(.exceptions.irqhandler.user)
 *(.exceptions.irqhandler)
 .exceptions.irqhandler
                0x0000000000000084        0x4 ../Lab2_bsp/\libhal_bsp.a(alt_irq_entry.o)
 *(.exceptions.irqreturn.user)
 *(.exceptions.irqreturn)
 .exceptions.irqreturn
                0x0000000000000088        0x4 ../Lab2_bsp/\libhal_bsp.a(alt_irq_entry.o)
 *(.exceptions.notirq.label)
 .exceptions.notirq.label
                0x000000000000008c        0x0 ../Lab2_bsp/\libhal_bsp.a(alt_irq_entry.o)
 *(.exceptions.notirq.user)
 *(.exceptions.notirq)
 .exceptions.notirq
                0x000000000000008c        0x8 ../Lab2_bsp/\libhal_bsp.a(alt_exception_entry.o)
 *(.exceptions.soft.user)
 *(.exceptions.soft)
 *(.exceptions.unknown.user)
 *(.exceptions.unknown)
 .exceptions.unknown
                0x0000000000000094       0x14 ../Lab2_bsp/\libhal_bsp.a(alt_exception_entry.o)
 *(.exceptions.exit.label)
 .exceptions.exit.label
                0x00000000000000a8        0x0 ../Lab2_bsp/\libhal_bsp.a(alt_irq_entry.o)
 .exceptions.exit.label
                0x00000000000000a8        0x0 ../Lab2_bsp/\libhal_bsp.a(alt_exception_entry.o)
 *(.exceptions.exit.user)
 *(.exceptions.exit)
 .exceptions.exit
                0x00000000000000a8       0x54 ../Lab2_bsp/\libhal_bsp.a(alt_exception_entry.o)
 *(.exceptions)
 .exceptions    0x00000000000000fc       0xd4 ../Lab2_bsp/\libhal_bsp.a(alt_irq_handler.o)
                0x00000000000000fc                alt_irq_handler
 .exceptions    0x00000000000001d0       0x60 ../Lab2_bsp/\libhal_bsp.a(alt_instruction_exception_entry.o)
                0x00000000000001d0                alt_instruction_exception_entry
                0x0000000000000230                PROVIDE (__ram_exceptions_end, ABSOLUTE (.))
                0x0000000000000020                PROVIDE (__flash_exceptions_start, LOADADDR (.exceptions))

.text           0x0000000000000230     0x236c
                [!provide]                        PROVIDE (stext, ABSOLUTE (.))
 *(.interp)
 *(.hash)
 *(.dynsym)
 *(.dynstr)
 *(.gnu.version)
 *(.gnu.version_d)
 *(.gnu.version_r)
 *(.rel.init)
 *(.rela.init)
 *(.rel.text .rel.text.* .rel.gnu.linkonce.t.*)
 *(.rela.text .rela.text.* .rela.gnu.linkonce.t.*)
 *(.rel.fini)
 *(.rela.fini)
 *(.rel.rodata .rel.rodata.* .rel.gnu.linkonce.r.*)
 *(.rela.rodata .rela.rodata.* .rela.gnu.linkonce.r.*)
 *(.rel.data .rel.data.* .rel.gnu.linkonce.d.*)
 *(.rela.data .rela.data.* .rela.gnu.linkonce.d.*)
 *(.rel.tdata .rel.tdata.* .rel.gnu.linkonce.td.*)
 *(.rela.tdata .rela.tdata.* .rela.gnu.linkonce.td.*)
 *(.rel.tbss .rel.tbss.* .rel.gnu.linkonce.tb.*)
 *(.rela.tbss .rela.tbss.* .rela.gnu.linkonce.tb.*)
 *(.rel.ctors)
 *(.rela.ctors)
 *(.rel.dtors)
 *(.rela.dtors)
 *(.rel.got)
 *(.rela.got)
 *(.rel.sdata .rel.sdata.* .rel.gnu.linkonce.s.*)
 *(.rela.sdata .rela.sdata.* .rela.gnu.linkonce.s.*)
 *(.rel.sbss .rel.sbss.* .rel.gnu.linkonce.sb.*)
 *(.rela.sbss .rela.sbss.* .rela.gnu.linkonce.sb.*)
 *(.rel.sdata2 .rel.sdata2.* .rel.gnu.linkonce.s2.*)
 *(.rela.sdata2 .rela.sdata2.* .rela.gnu.linkonce.s2.*)
 *(.rel.sbss2 .rel.sbss2.* .rel.gnu.linkonce.sb2.*)
 *(.rela.sbss2 .rela.sbss2.* .rela.gnu.linkonce.sb2.*)
 *(.rel.bss .rel.bss.* .rel.gnu.linkonce.b.*)
 *(.rela.bss .rela.bss.* .rela.gnu.linkonce.b.*)
 *(.rel.plt)
 *(.rela.plt)
 *(.rel.dyn)
 *(.init)
 *(.plt)
 *(.text .stub .text.* .gnu.linkonce.t.*)
 .text          0x0000000000000230       0x1c ../Lab2_bsp//obj/HAL/src/crt0.o
                0x0000000000000230                _start
 .text          0x000000000000024c       0xf4 obj/default/sem.o
                0x000000000000024c                main
 .text          0x0000000000000340        0x0 k:/intelfpga_lite/18.1/nios2eds/bin/gnu/h-x86_64-mingw32/bin/../lib/gcc/nios2-elf/5.3.0/../../../../../H-x86_64-mingw32/nios2-elf/lib/mno-hw-mul\libsmallc.a(lib_a-puts.o)
 .text._puts_r  0x0000000000000340       0x80 k:/intelfpga_lite/18.1/nios2eds/bin/gnu/h-x86_64-mingw32/bin/../lib/gcc/nios2-elf/5.3.0/../../../../../H-x86_64-mingw32/nios2-elf/lib/mno-hw-mul\libsmallc.a(lib_a-puts.o)
                0x0000000000000340                _puts_r
 .text.puts     0x00000000000003c0       0x14 k:/intelfpga_lite/18.1/nios2eds/bin/gnu/h-x86_64-mingw32/bin/../lib/gcc/nios2-elf/5.3.0/../../../../../H-x86_64-mingw32/nios2-elf/lib/mno-hw-mul\libsmallc.a(lib_a-puts.o)
                0x00000000000003c0                puts
 .text          0x00000000000003d4        0x0 k:/intelfpga_lite/18.1/nios2eds/bin/gnu/h-x86_64-mingw32/bin/../lib/gcc/nios2-elf/5.3.0/../../../../../H-x86_64-mingw32/nios2-elf/lib/mno-hw-mul\libsmallc.a(lib_a-strlen.o)
 .text.strlen   0x00000000000003d4       0x1c k:/intelfpga_lite/18.1/nios2eds/bin/gnu/h-x86_64-mingw32/bin/../lib/gcc/nios2-elf/5.3.0/../../../../../H-x86_64-mingw32/nios2-elf/lib/mno-hw-mul\libsmallc.a(lib_a-strlen.o)
                0x00000000000003d4                strlen
 .text          0x00000000000003f0        0x0 k:/intelfpga_lite/18.1/nios2eds/bin/gnu/h-x86_64-mingw32/bin/../lib/gcc/nios2-elf/5.3.0/../../../../../H-x86_64-mingw32/nios2-elf/lib/mno-hw-mul\libsmallc.a(lib_a-fvwrite_small_dev.o)
 .text.__sfvwrite_small_dev
                0x00000000000003f0       0xb8 k:/intelfpga_lite/18.1/nios2eds/bin/gnu/h-x86_64-mingw32/bin/../lib/gcc/nios2-elf/5.3.0/../../../../../H-x86_64-mingw32/nios2-elf/lib/mno-hw-mul\libsmallc.a(lib_a-fvwrite_small_dev.o)
                0x00000000000003f0                __sfvwrite_small_dev
 .text          0x00000000000004a8        0x0 k:/intelfpga_lite/18.1/nios2eds/bin/gnu/h-x86_64-mingw32/bin/../lib/gcc/nios2-elf/5.3.0/../../../../../H-x86_64-mingw32/nios2-elf/lib/mno-hw-mul\libsmallc.a(lib_a-impure.o)
 .text          0x00000000000004a8        0x0 k:/intelfpga_lite/18.1/nios2eds/bin/gnu/h-x86_64-mingw32/bin/../lib/gcc/nios2-elf/5.3.0/../../../../../H-x86_64-mingw32/nios2-elf/lib/mno-hw-mul\libsmallc.a(lib_a-writer.o)
 .text._write_r
                0x00000000000004a8       0x58 k:/intelfpga_lite/18.1/nios2eds/bin/gnu/h-x86_64-mingw32/bin/../lib/gcc/nios2-elf/5.3.0/../../../../../H-x86_64-mingw32/nios2-elf/lib/mno-hw-mul\libsmallc.a(lib_a-writer.o)
                0x00000000000004a8                _write_r
 .text          0x0000000000000500        0x0 k:/intelfpga_lite/18.1/nios2eds/bin/gnu/h-x86_64-mingw32/bin/../lib/gcc/nios2-elf/5.3.0/../../../../../H-x86_64-mingw32/nios2-elf/lib/mno-hw-mul\libsmallc.a(lib_a-int_errno.o)
 .text          0x0000000000000500       0x28 ../Lab2_bsp/\libhal_bsp.a(alt_dcache_flush.o)
                0x0000000000000500                alt_dcache_flush
 .text          0x0000000000000528       0xec ../Lab2_bsp/\libhal_bsp.a(alt_load.o)
                0x0000000000000590                alt_load
 .text          0x0000000000000614       0x6c ../Lab2_bsp/\libhal_bsp.a(alt_main.o)
                0x0000000000000614                alt_main
 .text          0x0000000000000680      0x13c ../Lab2_bsp/\libhal_bsp.a(alt_write.o)
                0x00000000000006bc                write
 .text          0x00000000000007bc       0xcc ../Lab2_bsp/\libhal_bsp.a(alt_sys_init.o)
                0x00000000000007f0                alt_irq_init
                0x0000000000000828                alt_sys_init
 .text          0x0000000000000888      0x164 ../Lab2_bsp/\libhal_bsp.a(altera_avalon_jtag_uart_fd.o)
                0x0000000000000888                altera_avalon_jtag_uart_read_fd
                0x00000000000008e8                altera_avalon_jtag_uart_write_fd
                0x0000000000000948                altera_avalon_jtag_uart_close_fd
                0x0000000000000998                altera_avalon_jtag_uart_ioctl_fd
 .text          0x00000000000009ec      0x3d4 ../Lab2_bsp/\libhal_bsp.a(altera_avalon_jtag_uart_init.o)
                0x00000000000009ec                altera_avalon_jtag_uart_init
                0x0000000000000d58                altera_avalon_jtag_uart_close
 .text          0x0000000000000dc0       0xf0 ../Lab2_bsp/\libhal_bsp.a(altera_avalon_jtag_uart_ioctl.o)
                0x0000000000000dc0                altera_avalon_jtag_uart_ioctl
 .text          0x0000000000000eb0      0x21c ../Lab2_bsp/\libhal_bsp.a(altera_avalon_jtag_uart_read.o)
                0x0000000000000eb0                altera_avalon_jtag_uart_read
 .text          0x00000000000010cc      0x224 ../Lab2_bsp/\libhal_bsp.a(altera_avalon_jtag_uart_write.o)
                0x00000000000010cc                altera_avalon_jtag_uart_write
 .text          0x00000000000012f0       0xf4 ../Lab2_bsp/\libhal_bsp.a(altera_avalon_timer_sc.o)
                0x0000000000001368                alt_avalon_timer_sc_init
 .text          0x00000000000013e4      0x12c ../Lab2_bsp/\libhal_bsp.a(alt_alarm_start.o)
                0x00000000000013e4                alt_alarm_start
 .text          0x0000000000001510      0x114 ../Lab2_bsp/\libhal_bsp.a(alt_close.o)
                0x000000000000154c                close
 .text          0x0000000000001624       0x20 ../Lab2_bsp/\libhal_bsp.a(alt_dcache_flush_all.o)
                0x0000000000001624                alt_dcache_flush_all
 .text          0x0000000000001644       0x2c ../Lab2_bsp/\libhal_bsp.a(alt_dev.o)
 .text          0x0000000000001670       0xe0 ../Lab2_bsp/\libhal_bsp.a(alt_dev_llist_insert.o)
                0x00000000000016ac                alt_dev_llist_insert
 .text          0x0000000000001750        0x0 ../Lab2_bsp/\libhal_bsp.a(alt_errno.o)
 .text          0x0000000000001750       0x20 ../Lab2_bsp/\libhal_bsp.a(alt_icache_flush_all.o)
                0x0000000000001750                alt_icache_flush_all
 .text          0x0000000000001770      0x1b0 ../Lab2_bsp/\libhal_bsp.a(alt_iic.o)
                0x0000000000001770                alt_ic_isr_register
                0x00000000000017c0                alt_ic_irq_enable
                0x0000000000001848                alt_ic_irq_disable
                0x00000000000018d4                alt_ic_irq_enabled
 .text          0x0000000000001920       0xf0 ../Lab2_bsp/\libhal_bsp.a(alt_iic_isr_register.o)
                0x0000000000001920                alt_iic_isr_register
 .text          0x0000000000001a10      0x160 ../Lab2_bsp/\libhal_bsp.a(alt_io_redirect.o)
                0x0000000000001af4                alt_io_redirect
 .text          0x0000000000001b70        0x0 ../Lab2_bsp/\libhal_bsp.a(alt_irq_entry.o)
 .text          0x0000000000001b70        0x0 ../Lab2_bsp/\libhal_bsp.a(alt_irq_handler.o)
 .text          0x0000000000001b70        0x0 ../Lab2_bsp/\libhal_bsp.a(alt_irq_vars.o)
 .text          0x0000000000001b70      0x284 ../Lab2_bsp/\libhal_bsp.a(alt_open.o)
                0x0000000000001c98                open
 .text          0x0000000000001df4       0x84 ../Lab2_bsp/\libhal_bsp.a(alt_release_fd.o)
                0x0000000000001df4                alt_release_fd
 .text          0x0000000000001e78      0x1a4 ../Lab2_bsp/\libhal_bsp.a(alt_tick.o)
                0x0000000000001e78                alt_alarm_stop
                0x0000000000001f14                alt_tick
 .text          0x000000000000201c       0x24 ../Lab2_bsp/\libhal_bsp.a(altera_nios2_gen2_irq.o)
                0x000000000000201c                altera_nios2_gen2_irq_init
 .text          0x0000000000002040        0x0 ../Lab2_bsp/\libhal_bsp.a(alt_exception_entry.o)
 .text          0x0000000000002040       0x90 ../Lab2_bsp/\libhal_bsp.a(alt_find_dev.o)
                0x0000000000002040                alt_find_dev
 .text          0x00000000000020d0      0x108 ../Lab2_bsp/\libhal_bsp.a(alt_find_file.o)
                0x00000000000020d0                alt_find_file
 .text          0x00000000000021d8       0xc4 ../Lab2_bsp/\libhal_bsp.a(alt_get_fd.o)
                0x00000000000021d8                alt_get_fd
 .text          0x000000000000229c       0x9c ../Lab2_bsp/\libhal_bsp.a(alt_instruction_exception_entry.o)
                0x000000000000229c                alt_exception_cause_generated_bad_addr
 .text          0x0000000000002338        0x0 k:/intelfpga_lite/18.1/nios2eds/bin/gnu/h-x86_64-mingw32/bin/../lib/gcc/nios2-elf/5.3.0/../../../../../H-x86_64-mingw32/nios2-elf/lib/mno-hw-mul\libsmallc.a(lib_a-exit.o)
 .text.exit     0x0000000000002338       0x20 k:/intelfpga_lite/18.1/nios2eds/bin/gnu/h-x86_64-mingw32/bin/../lib/gcc/nios2-elf/5.3.0/../../../../../H-x86_64-mingw32/nios2-elf/lib/mno-hw-mul\libsmallc.a(lib_a-exit.o)
                0x0000000000002338                exit
 .text          0x0000000000002358        0x0 k:/intelfpga_lite/18.1/nios2eds/bin/gnu/h-x86_64-mingw32/bin/../lib/gcc/nios2-elf/5.3.0/../../../../../H-x86_64-mingw32/nios2-elf/lib/mno-hw-mul\libsmallc.a(lib_a-memcmp.o)
 .text.memcmp   0x0000000000002358       0x30 k:/intelfpga_lite/18.1/nios2eds/bin/gnu/h-x86_64-mingw32/bin/../lib/gcc/nios2-elf/5.3.0/../../../../../H-x86_64-mingw32/nios2-elf/lib/mno-hw-mul\libsmallc.a(lib_a-memcmp.o)
                0x0000000000002358                memcmp
 .text          0x0000000000002388        0x0 k:/intelfpga_lite/18.1/nios2eds/bin/gnu/h-x86_64-mingw32/bin/../lib/gcc/nios2-elf/5.3.0/../../../../../H-x86_64-mingw32/nios2-elf/lib/mno-hw-mul\libsmallc.a(lib_a-memcpy.o)
 .text.memcpy   0x0000000000002388       0x28 k:/intelfpga_lite/18.1/nios2eds/bin/gnu/h-x86_64-mingw32/bin/../lib/gcc/nios2-elf/5.3.0/../../../../../H-x86_64-mingw32/nios2-elf/lib/mno-hw-mul\libsmallc.a(lib_a-memcpy.o)
                0x0000000000002388                memcpy
 .text          0x00000000000023b0        0x0 k:/intelfpga_lite/18.1/nios2eds/bin/gnu/h-x86_64-mingw32/bin/../lib/gcc/nios2-elf/5.3.0/../../../../../H-x86_64-mingw32/nios2-elf/lib/mno-hw-mul\libsmallc.a(lib_a-__call_atexit.o)
 .text.__call_exitprocs
                0x00000000000023b0      0x190 k:/intelfpga_lite/18.1/nios2eds/bin/gnu/h-x86_64-mingw32/bin/../lib/gcc/nios2-elf/5.3.0/../../../../../H-x86_64-mingw32/nios2-elf/lib/mno-hw-mul\libsmallc.a(lib_a-__call_atexit.o)
                0x00000000000023b0                __call_exitprocs
 .text          0x0000000000002540       0x28 k:/intelfpga_lite/18.1/nios2eds/bin/gnu/h-x86_64-mingw32/bin/../lib/gcc/nios2-elf/5.3.0/mno-hw-mul\libgcc.a(lib2-mul.o)
                0x0000000000002540                __mulsi3
 .text          0x0000000000002568       0x34 ../Lab2_bsp/\libhal_bsp.a(alt_exit.o)
                0x0000000000002568                _exit
 *(.gnu.warning.*)
 *(.fini)
                [!provide]                        PROVIDE (__etext, ABSOLUTE (.))
                [!provide]                        PROVIDE (_etext, ABSOLUTE (.))
                [!provide]                        PROVIDE (etext, ABSOLUTE (.))
 *(.eh_frame_hdr)
                0x000000000000259c                . = ALIGN (0x4)
                [!provide]                        PROVIDE (__preinit_array_start, ABSOLUTE (.))
 *(.preinit_array)
                [!provide]                        PROVIDE (__preinit_array_end, ABSOLUTE (.))
                [!provide]                        PROVIDE (__init_array_start, ABSOLUTE (.))
 *(.init_array)
                [!provide]                        PROVIDE (__init_array_end, ABSOLUTE (.))
                [!provide]                        PROVIDE (__fini_array_start, ABSOLUTE (.))
 *(.fini_array)
                [!provide]                        PROVIDE (__fini_array_end, ABSOLUTE (.))
 *(.eh_frame)
 *(.gcc_except_table .gcc_except_table.*)
 *(.dynamic)
                [!provide]                        PROVIDE (__CTOR_LIST__, ABSOLUTE (.))
 *(.ctors)
 *(SORT(.ctors.*))
                [!provide]                        PROVIDE (__CTOR_END__, ABSOLUTE (.))
                [!provide]                        PROVIDE (__DTOR_LIST__, ABSOLUTE (.))
 *(.dtors)
 *(SORT(.dtors.*))
                [!provide]                        PROVIDE (__DTOR_END__, ABSOLUTE (.))
 *(.jcr)
                0x000000000000259c                . = ALIGN (0x4)

.rodata         0x000000000000259c       0x48
                0x000000000000259c                PROVIDE (__ram_rodata_start, ABSOLUTE (.))
                0x000000000000259c                . = ALIGN (0x4)
 *(.rodata .rodata.* .gnu.linkonce.r.*)
 .rodata        0x000000000000259c       0x16 obj/default/sem.o
                0x000000000000259c                divisors
 *fill*         0x00000000000025b2        0x2 
 .rodata.str1.4
                0x00000000000025b4        0x4 k:/intelfpga_lite/18.1/nios2eds/bin/gnu/h-x86_64-mingw32/bin/../lib/gcc/nios2-elf/5.3.0/../../../../../H-x86_64-mingw32/nios2-elf/lib/mno-hw-mul\libsmallc.a(lib_a-puts.o)
                                          0x2 (size before relaxing)
 .rodata        0x00000000000025b8        0xf ../Lab2_bsp/\libhal_bsp.a(alt_main.o)
 *fill*         0x00000000000025c7        0x1 
 .rodata        0x00000000000025c8        0xf ../Lab2_bsp/\libhal_bsp.a(alt_sys_init.o)
 *fill*         0x00000000000025d7        0x1 
 .rodata        0x00000000000025d8        0xa ../Lab2_bsp/\libhal_bsp.a(alt_dev.o)
 *(.rodata1)
                0x00000000000025e4                . = ALIGN (0x4)
 *fill*         0x00000000000025e2        0x2 
                0x00000000000025e4                PROVIDE (__ram_rodata_end, ABSOLUTE (.))
                0x000000000000259c                PROVIDE (__flash_rodata_start, LOADADDR (.rodata))

.rwdata         0x00000000000025e4     0x1314 load address 0x00000000000038f8
                0x00000000000025e4                PROVIDE (__ram_rwdata_start, ABSOLUTE (.))
                0x00000000000025e4                . = ALIGN (0x4)
 *(.got.plt)
 *(.got)
 *(.data1)
 *(.data .data.* .gnu.linkonce.d.*)
 .data          0x00000000000025e4        0x0 ../Lab2_bsp//obj/HAL/src/crt0.o
 .data          0x00000000000025e4        0x0 obj/default/sem.o
 .data          0x00000000000025e4        0x0 k:/intelfpga_lite/18.1/nios2eds/bin/gnu/h-x86_64-mingw32/bin/../lib/gcc/nios2-elf/5.3.0/../../../../../H-x86_64-mingw32/nios2-elf/lib/mno-hw-mul\libsmallc.a(lib_a-puts.o)
 .data          0x00000000000025e4        0x0 k:/intelfpga_lite/18.1/nios2eds/bin/gnu/h-x86_64-mingw32/bin/../lib/gcc/nios2-elf/5.3.0/../../../../../H-x86_64-mingw32/nios2-elf/lib/mno-hw-mul\libsmallc.a(lib_a-strlen.o)
 .data          0x00000000000025e4        0x0 k:/intelfpga_lite/18.1/nios2eds/bin/gnu/h-x86_64-mingw32/bin/../lib/gcc/nios2-elf/5.3.0/../../../../../H-x86_64-mingw32/nios2-elf/lib/mno-hw-mul\libsmallc.a(lib_a-fvwrite_small_dev.o)
 .data          0x00000000000025e4        0x0 k:/intelfpga_lite/18.1/nios2eds/bin/gnu/h-x86_64-mingw32/bin/../lib/gcc/nios2-elf/5.3.0/../../../../../H-x86_64-mingw32/nios2-elf/lib/mno-hw-mul\libsmallc.a(lib_a-impure.o)
 .data.impure_data
                0x00000000000025e4       0xe0 k:/intelfpga_lite/18.1/nios2eds/bin/gnu/h-x86_64-mingw32/bin/../lib/gcc/nios2-elf/5.3.0/../../../../../H-x86_64-mingw32/nios2-elf/lib/mno-hw-mul\libsmallc.a(lib_a-impure.o)
 .data          0x00000000000026c4        0x0 k:/intelfpga_lite/18.1/nios2eds/bin/gnu/h-x86_64-mingw32/bin/../lib/gcc/nios2-elf/5.3.0/../../../../../H-x86_64-mingw32/nios2-elf/lib/mno-hw-mul\libsmallc.a(lib_a-writer.o)
 .data          0x00000000000026c4        0x0 k:/intelfpga_lite/18.1/nios2eds/bin/gnu/h-x86_64-mingw32/bin/../lib/gcc/nios2-elf/5.3.0/../../../../../H-x86_64-mingw32/nios2-elf/lib/mno-hw-mul\libsmallc.a(lib_a-int_errno.o)
 .data          0x00000000000026c4        0x0 ../Lab2_bsp/\libhal_bsp.a(alt_dcache_flush.o)
 .data          0x00000000000026c4        0x0 ../Lab2_bsp/\libhal_bsp.a(alt_load.o)
 .data          0x00000000000026c4        0x0 ../Lab2_bsp/\libhal_bsp.a(alt_main.o)
 .data          0x00000000000026c4        0x0 ../Lab2_bsp/\libhal_bsp.a(alt_write.o)
 .data          0x00000000000026c4     0x1060 ../Lab2_bsp/\libhal_bsp.a(alt_sys_init.o)
 .data          0x0000000000003724        0x0 ../Lab2_bsp/\libhal_bsp.a(altera_avalon_jtag_uart_fd.o)
 .data          0x0000000000003724        0x0 ../Lab2_bsp/\libhal_bsp.a(altera_avalon_jtag_uart_init.o)
 .data          0x0000000000003724        0x0 ../Lab2_bsp/\libhal_bsp.a(altera_avalon_jtag_uart_ioctl.o)
 .data          0x0000000000003724        0x0 ../Lab2_bsp/\libhal_bsp.a(altera_avalon_jtag_uart_read.o)
 .data          0x0000000000003724        0x0 ../Lab2_bsp/\libhal_bsp.a(altera_avalon_jtag_uart_write.o)
 .data          0x0000000000003724        0x0 ../Lab2_bsp/\libhal_bsp.a(altera_avalon_timer_sc.o)
 .data          0x0000000000003724        0x0 ../Lab2_bsp/\libhal_bsp.a(alt_alarm_start.o)
 .data          0x0000000000003724        0x0 ../Lab2_bsp/\libhal_bsp.a(alt_close.o)
 .data          0x0000000000003724        0x0 ../Lab2_bsp/\libhal_bsp.a(alt_dcache_flush_all.o)
 .data          0x0000000000003724      0x1a8 ../Lab2_bsp/\libhal_bsp.a(alt_dev.o)
                0x0000000000003724                alt_dev_null
                0x000000000000374c                alt_fd_list
 .data          0x00000000000038cc        0x0 ../Lab2_bsp/\libhal_bsp.a(alt_dev_llist_insert.o)
 .data          0x00000000000038cc        0x0 ../Lab2_bsp/\libhal_bsp.a(alt_errno.o)
 .data          0x00000000000038cc        0x0 ../Lab2_bsp/\libhal_bsp.a(alt_icache_flush_all.o)
 .data          0x00000000000038cc        0x0 ../Lab2_bsp/\libhal_bsp.a(alt_iic.o)
 .data          0x00000000000038cc        0x0 ../Lab2_bsp/\libhal_bsp.a(alt_iic_isr_register.o)
 .data          0x00000000000038cc        0x0 ../Lab2_bsp/\libhal_bsp.a(alt_io_redirect.o)
 .data          0x00000000000038cc        0x0 ../Lab2_bsp/\libhal_bsp.a(alt_irq_entry.o)
 .data          0x00000000000038cc        0x0 ../Lab2_bsp/\libhal_bsp.a(alt_irq_handler.o)
 .data          0x00000000000038cc        0x0 ../Lab2_bsp/\libhal_bsp.a(alt_irq_vars.o)
 .data          0x00000000000038cc        0x0 ../Lab2_bsp/\libhal_bsp.a(alt_open.o)
 .data          0x00000000000038cc        0x0 ../Lab2_bsp/\libhal_bsp.a(alt_release_fd.o)
 .data          0x00000000000038cc        0x0 ../Lab2_bsp/\libhal_bsp.a(alt_tick.o)
 .data          0x00000000000038cc        0x0 ../Lab2_bsp/\libhal_bsp.a(altera_nios2_gen2_irq.o)
 .data          0x00000000000038cc        0x0 ../Lab2_bsp/\libhal_bsp.a(alt_exception_entry.o)
 .data          0x00000000000038cc        0x0 ../Lab2_bsp/\libhal_bsp.a(alt_find_dev.o)
 .data          0x00000000000038cc        0x0 ../Lab2_bsp/\libhal_bsp.a(alt_find_file.o)
 .data          0x00000000000038cc        0x0 ../Lab2_bsp/\libhal_bsp.a(alt_get_fd.o)
 .data          0x00000000000038cc        0x0 ../Lab2_bsp/\libhal_bsp.a(alt_instruction_exception_entry.o)
 .data          0x00000000000038cc        0x0 k:/intelfpga_lite/18.1/nios2eds/bin/gnu/h-x86_64-mingw32/bin/../lib/gcc/nios2-elf/5.3.0/../../../../../H-x86_64-mingw32/nios2-elf/lib/mno-hw-mul\libsmallc.a(lib_a-exit.o)
 .data          0x00000000000038cc        0x0 k:/intelfpga_lite/18.1/nios2eds/bin/gnu/h-x86_64-mingw32/bin/../lib/gcc/nios2-elf/5.3.0/../../../../../H-x86_64-mingw32/nios2-elf/lib/mno-hw-mul\libsmallc.a(lib_a-memcmp.o)
 .data          0x00000000000038cc        0x0 k:/intelfpga_lite/18.1/nios2eds/bin/gnu/h-x86_64-mingw32/bin/../lib/gcc/nios2-elf/5.3.0/../../../../../H-x86_64-mingw32/nios2-elf/lib/mno-hw-mul\libsmallc.a(lib_a-memcpy.o)
 .data          0x00000000000038cc        0x0 k:/intelfpga_lite/18.1/nios2eds/bin/gnu/h-x86_64-mingw32/bin/../lib/gcc/nios2-elf/5.3.0/../../../../../H-x86_64-mingw32/nios2-elf/lib/mno-hw-mul\libsmallc.a(lib_a-__call_atexit.o)
 .data          0x00000000000038cc        0x0 k:/intelfpga_lite/18.1/nios2eds/bin/gnu/h-x86_64-mingw32/bin/../lib/gcc/nios2-elf/5.3.0/mno-hw-mul\libgcc.a(lib2-mul.o)
 .data          0x00000000000038cc        0x0 ../Lab2_bsp/\libhal_bsp.a(alt_exit.o)
                0x000000000000b8cc                _gp = ABSOLUTE ((. + 0x8000))
                [!provide]                        PROVIDE (gp, _gp)
 *(.rwdata .rwdata.*)
 *(.sdata .sdata.* .gnu.linkonce.s.*)
 .sdata._global_impure_ptr
                0x00000000000038cc        0x4 k:/intelfpga_lite/18.1/nios2eds/bin/gnu/h-x86_64-mingw32/bin/../lib/gcc/nios2-elf/5.3.0/../../../../../H-x86_64-mingw32/nios2-elf/lib/mno-hw-mul\libsmallc.a(lib_a-impure.o)
                0x00000000000038cc                _global_impure_ptr
 .sdata._impure_ptr
                0x00000000000038d0        0x4 k:/intelfpga_lite/18.1/nios2eds/bin/gnu/h-x86_64-mingw32/bin/../lib/gcc/nios2-elf/5.3.0/../../../../../H-x86_64-mingw32/nios2-elf/lib/mno-hw-mul\libsmallc.a(lib_a-impure.o)
                0x00000000000038d0                _impure_ptr
 .sdata         0x00000000000038d4       0x14 ../Lab2_bsp/\libhal_bsp.a(alt_dev.o)
                0x00000000000038d4                alt_fs_list
                0x00000000000038dc                alt_dev_list
                0x00000000000038e4                alt_max_fd
 .sdata         0x00000000000038e8        0x4 ../Lab2_bsp/\libhal_bsp.a(alt_errno.o)
                0x00000000000038e8                alt_errno
 .sdata         0x00000000000038ec        0x4 ../Lab2_bsp/\libhal_bsp.a(alt_irq_vars.o)
                0x00000000000038ec                alt_priority_mask
 .sdata         0x00000000000038f0        0x8 ../Lab2_bsp/\libhal_bsp.a(alt_tick.o)
                0x00000000000038f0                alt_alarm_list
 *(.sdata2 .sdata2.* .gnu.linkonce.s2.*)
                0x00000000000038f8                . = ALIGN (0x4)
                0x00000000000038f8                _edata = ABSOLUTE (.)
                [!provide]                        PROVIDE (edata, ABSOLUTE (.))
                0x00000000000038f8                PROVIDE (__ram_rwdata_end, ABSOLUTE (.))
                0x00000000000038f8                PROVIDE (__flash_rwdata_start, LOADADDR (.rwdata))

.bss            0x0000000000004c0c      0x120
                0x0000000000004c0c                __bss_start = ABSOLUTE (.)
                [!provide]                        PROVIDE (__sbss_start, ABSOLUTE (.))
                [!provide]                        PROVIDE (___sbss_start, ABSOLUTE (.))
 *(.dynsbss)
 *(.sbss .sbss.* .gnu.linkonce.sb.*)
 .sbss          0x0000000000004c0c        0x4 k:/intelfpga_lite/18.1/nios2eds/bin/gnu/h-x86_64-mingw32/bin/../lib/gcc/nios2-elf/5.3.0/../../../../../H-x86_64-mingw32/nios2-elf/lib/mno-hw-mul\libsmallc.a(lib_a-int_errno.o)
                0x0000000000004c0c                errno
 .sbss          0x0000000000004c10        0xc ../Lab2_bsp/\libhal_bsp.a(alt_main.o)
                0x0000000000004c10                alt_argc
                0x0000000000004c14                alt_argv
                0x0000000000004c18                alt_envp
 .sbss          0x0000000000004c1c        0x4 ../Lab2_bsp/\libhal_bsp.a(alt_irq_vars.o)
                0x0000000000004c1c                alt_irq_active
 .sbss          0x0000000000004c20        0x8 ../Lab2_bsp/\libhal_bsp.a(alt_tick.o)
                0x0000000000004c20                _alt_tick_rate
                0x0000000000004c24                _alt_nticks
 .sbss          0x0000000000004c28        0x4 ../Lab2_bsp/\libhal_bsp.a(alt_instruction_exception_entry.o)
                0x0000000000004c28                alt_instruction_exception_handler
 *(.sbss2 .sbss2.* .gnu.linkonce.sb2.*)
 *(.scommon)
                [!provide]                        PROVIDE (__sbss_end, ABSOLUTE (.))
                [!provide]                        PROVIDE (___sbss_end, ABSOLUTE (.))
 *(.dynbss)
 *(.bss .bss.* .gnu.linkonce.b.*)
 .bss           0x0000000000004c2c        0x0 ../Lab2_bsp//obj/HAL/src/crt0.o
 .bss           0x0000000000004c2c        0x0 obj/default/sem.o
 .bss           0x0000000000004c2c        0x0 k:/intelfpga_lite/18.1/nios2eds/bin/gnu/h-x86_64-mingw32/bin/../lib/gcc/nios2-elf/5.3.0/../../../../../H-x86_64-mingw32/nios2-elf/lib/mno-hw-mul\libsmallc.a(lib_a-puts.o)
 .bss           0x0000000000004c2c        0x0 k:/intelfpga_lite/18.1/nios2eds/bin/gnu/h-x86_64-mingw32/bin/../lib/gcc/nios2-elf/5.3.0/../../../../../H-x86_64-mingw32/nios2-elf/lib/mno-hw-mul\libsmallc.a(lib_a-strlen.o)
 .bss           0x0000000000004c2c        0x0 k:/intelfpga_lite/18.1/nios2eds/bin/gnu/h-x86_64-mingw32/bin/../lib/gcc/nios2-elf/5.3.0/../../../../../H-x86_64-mingw32/nios2-elf/lib/mno-hw-mul\libsmallc.a(lib_a-fvwrite_small_dev.o)
 .bss           0x0000000000004c2c        0x0 k:/intelfpga_lite/18.1/nios2eds/bin/gnu/h-x86_64-mingw32/bin/../lib/gcc/nios2-elf/5.3.0/../../../../../H-x86_64-mingw32/nios2-elf/lib/mno-hw-mul\libsmallc.a(lib_a-impure.o)
 .bss           0x0000000000004c2c        0x0 k:/intelfpga_lite/18.1/nios2eds/bin/gnu/h-x86_64-mingw32/bin/../lib/gcc/nios2-elf/5.3.0/../../../../../H-x86_64-mingw32/nios2-elf/lib/mno-hw-mul\libsmallc.a(lib_a-writer.o)
 .bss           0x0000000000004c2c        0x0 k:/intelfpga_lite/18.1/nios2eds/bin/gnu/h-x86_64-mingw32/bin/../lib/gcc/nios2-elf/5.3.0/../../../../../H-x86_64-mingw32/nios2-elf/lib/mno-hw-mul\libsmallc.a(lib_a-int_errno.o)
 .bss           0x0000000000004c2c        0x0 ../Lab2_bsp/\libhal_bsp.a(alt_dcache_flush.o)
 .bss           0x0000000000004c2c        0x0 ../Lab2_bsp/\libhal_bsp.a(alt_load.o)
 .bss           0x0000000000004c2c        0x0 ../Lab2_bsp/\libhal_bsp.a(alt_main.o)
 .bss           0x0000000000004c2c        0x0 ../Lab2_bsp/\libhal_bsp.a(alt_write.o)
 .bss           0x0000000000004c2c        0x0 ../Lab2_bsp/\libhal_bsp.a(alt_sys_init.o)
 .bss           0x0000000000004c2c        0x0 ../Lab2_bsp/\libhal_bsp.a(altera_avalon_jtag_uart_fd.o)
 .bss           0x0000000000004c2c        0x0 ../Lab2_bsp/\libhal_bsp.a(altera_avalon_jtag_uart_init.o)
 .bss           0x0000000000004c2c        0x0 ../Lab2_bsp/\libhal_bsp.a(altera_avalon_jtag_uart_ioctl.o)
 .bss           0x0000000000004c2c        0x0 ../Lab2_bsp/\libhal_bsp.a(altera_avalon_jtag_uart_read.o)
 .bss           0x0000000000004c2c        0x0 ../Lab2_bsp/\libhal_bsp.a(altera_avalon_jtag_uart_write.o)
 .bss           0x0000000000004c2c        0x0 ../Lab2_bsp/\libhal_bsp.a(altera_avalon_timer_sc.o)
 .bss           0x0000000000004c2c        0x0 ../Lab2_bsp/\libhal_bsp.a(alt_alarm_start.o)
 .bss           0x0000000000004c2c        0x0 ../Lab2_bsp/\libhal_bsp.a(alt_close.o)
 .bss           0x0000000000004c2c        0x0 ../Lab2_bsp/\libhal_bsp.a(alt_dcache_flush_all.o)
 .bss           0x0000000000004c2c        0x0 ../Lab2_bsp/\libhal_bsp.a(alt_dev.o)
 .bss           0x0000000000004c2c        0x0 ../Lab2_bsp/\libhal_bsp.a(alt_dev_llist_insert.o)
 .bss           0x0000000000004c2c        0x0 ../Lab2_bsp/\libhal_bsp.a(alt_errno.o)
 .bss           0x0000000000004c2c        0x0 ../Lab2_bsp/\libhal_bsp.a(alt_icache_flush_all.o)
 .bss           0x0000000000004c2c        0x0 ../Lab2_bsp/\libhal_bsp.a(alt_iic.o)
 .bss           0x0000000000004c2c        0x0 ../Lab2_bsp/\libhal_bsp.a(alt_iic_isr_register.o)
 .bss           0x0000000000004c2c        0x0 ../Lab2_bsp/\libhal_bsp.a(alt_io_redirect.o)
 .bss           0x0000000000004c2c        0x0 ../Lab2_bsp/\libhal_bsp.a(alt_irq_entry.o)
 .bss           0x0000000000004c2c        0x0 ../Lab2_bsp/\libhal_bsp.a(alt_irq_handler.o)
 .bss           0x0000000000004c2c        0x0 ../Lab2_bsp/\libhal_bsp.a(alt_irq_vars.o)
 .bss           0x0000000000004c2c        0x0 ../Lab2_bsp/\libhal_bsp.a(alt_open.o)
 .bss           0x0000000000004c2c        0x0 ../Lab2_bsp/\libhal_bsp.a(alt_release_fd.o)
 .bss           0x0000000000004c2c        0x0 ../Lab2_bsp/\libhal_bsp.a(alt_tick.o)
 .bss           0x0000000000004c2c        0x0 ../Lab2_bsp/\libhal_bsp.a(altera_nios2_gen2_irq.o)
 .bss           0x0000000000004c2c        0x0 ../Lab2_bsp/\libhal_bsp.a(alt_exception_entry.o)
 .bss           0x0000000000004c2c        0x0 ../Lab2_bsp/\libhal_bsp.a(alt_find_dev.o)
 .bss           0x0000000000004c2c        0x0 ../Lab2_bsp/\libhal_bsp.a(alt_find_file.o)
 .bss           0x0000000000004c2c        0x0 ../Lab2_bsp/\libhal_bsp.a(alt_get_fd.o)
 .bss           0x0000000000004c2c        0x0 ../Lab2_bsp/\libhal_bsp.a(alt_instruction_exception_entry.o)
 .bss           0x0000000000004c2c        0x0 k:/intelfpga_lite/18.1/nios2eds/bin/gnu/h-x86_64-mingw32/bin/../lib/gcc/nios2-elf/5.3.0/../../../../../H-x86_64-mingw32/nios2-elf/lib/mno-hw-mul\libsmallc.a(lib_a-exit.o)
 .bss           0x0000000000004c2c        0x0 k:/intelfpga_lite/18.1/nios2eds/bin/gnu/h-x86_64-mingw32/bin/../lib/gcc/nios2-elf/5.3.0/../../../../../H-x86_64-mingw32/nios2-elf/lib/mno-hw-mul\libsmallc.a(lib_a-memcmp.o)
 .bss           0x0000000000004c2c        0x0 k:/intelfpga_lite/18.1/nios2eds/bin/gnu/h-x86_64-mingw32/bin/../lib/gcc/nios2-elf/5.3.0/../../../../../H-x86_64-mingw32/nios2-elf/lib/mno-hw-mul\libsmallc.a(lib_a-memcpy.o)
 .bss           0x0000000000004c2c        0x0 k:/intelfpga_lite/18.1/nios2eds/bin/gnu/h-x86_64-mingw32/bin/../lib/gcc/nios2-elf/5.3.0/../../../../../H-x86_64-mingw32/nios2-elf/lib/mno-hw-mul\libsmallc.a(lib_a-__call_atexit.o)
 .bss           0x0000000000004c2c        0x0 k:/intelfpga_lite/18.1/nios2eds/bin/gnu/h-x86_64-mingw32/bin/../lib/gcc/nios2-elf/5.3.0/mno-hw-mul\libgcc.a(lib2-mul.o)
 .bss           0x0000000000004c2c        0x0 ../Lab2_bsp/\libhal_bsp.a(alt_exit.o)
 *(COMMON)
 COMMON         0x0000000000004c2c      0x100 ../Lab2_bsp/\libhal_bsp.a(alt_irq_handler.o)
                0x0000000000004c2c                alt_irq
                0x0000000000004d2c                . = ALIGN (0x4)
                0x0000000000004d2c                __bss_end = ABSOLUTE (.)

.mem            0x0000000000004d2c        0x0
                [!provide]                        PROVIDE (_alt_partition_mem_start, ABSOLUTE (.))
 *(.mem .mem. mem.*)
                0x0000000000004d2c                . = ALIGN (0x4)
                [!provide]                        PROVIDE (_alt_partition_mem_end, ABSOLUTE (.))
                0x0000000000004d2c                _end = ABSOLUTE (.)
                0x0000000000004d2c                end = ABSOLUTE (.)
                0x0000000000004d2c                __alt_stack_base = ABSOLUTE (.)
                [!provide]                        PROVIDE (_alt_partition_mem_load_addr, LOADADDR (.mem))

.stab
 *(.stab)

.stabstr
 *(.stabstr)

.stab.excl
 *(.stab.excl)

.stab.exclstr
 *(.stab.exclstr)

.stab.index
 *(.stab.index)

.stab.indexstr
 *(.stab.indexstr)

.comment        0x0000000000000000       0x23
 *(.comment)
 .comment       0x0000000000000000       0x23 obj/default/sem.o
                                         0x24 (size before relaxing)
 .comment       0x0000000000000023       0x24 k:/intelfpga_lite/18.1/nios2eds/bin/gnu/h-x86_64-mingw32/bin/../lib/gcc/nios2-elf/5.3.0/../../../../../H-x86_64-mingw32/nios2-elf/lib/mno-hw-mul\libsmallc.a(lib_a-puts.o)
 .comment       0x0000000000000023       0x24 k:/intelfpga_lite/18.1/nios2eds/bin/gnu/h-x86_64-mingw32/bin/../lib/gcc/nios2-elf/5.3.0/../../../../../H-x86_64-mingw32/nios2-elf/lib/mno-hw-mul\libsmallc.a(lib_a-strlen.o)
 .comment       0x0000000000000023       0x24 k:/intelfpga_lite/18.1/nios2eds/bin/gnu/h-x86_64-mingw32/bin/../lib/gcc/nios2-elf/5.3.0/../../../../../H-x86_64-mingw32/nios2-elf/lib/mno-hw-mul\libsmallc.a(lib_a-fvwrite_small_dev.o)
 .comment       0x0000000000000023       0x24 k:/intelfpga_lite/18.1/nios2eds/bin/gnu/h-x86_64-mingw32/bin/../lib/gcc/nios2-elf/5.3.0/../../../../../H-x86_64-mingw32/nios2-elf/lib/mno-hw-mul\libsmallc.a(lib_a-impure.o)
 .comment       0x0000000000000023       0x24 k:/intelfpga_lite/18.1/nios2eds/bin/gnu/h-x86_64-mingw32/bin/../lib/gcc/nios2-elf/5.3.0/../../../../../H-x86_64-mingw32/nios2-elf/lib/mno-hw-mul\libsmallc.a(lib_a-writer.o)
 .comment       0x0000000000000023       0x24 k:/intelfpga_lite/18.1/nios2eds/bin/gnu/h-x86_64-mingw32/bin/../lib/gcc/nios2-elf/5.3.0/../../../../../H-x86_64-mingw32/nios2-elf/lib/mno-hw-mul\libsmallc.a(lib_a-int_errno.o)
 .comment       0x0000000000000023       0x24 ../Lab2_bsp/\libhal_bsp.a(alt_dcache_flush.o)
 .comment       0x0000000000000023       0x24 ../Lab2_bsp/\libhal_bsp.a(alt_load.o)
 .comment       0x0000000000000023       0x24 ../Lab2_bsp/\libhal_bsp.a(alt_main.o)
 .comment       0x0000000000000023       0x24 ../Lab2_bsp/\libhal_bsp.a(alt_write.o)
 .comment       0x0000000000000023       0x24 ../Lab2_bsp/\libhal_bsp.a(alt_sys_init.o)
 .comment       0x0000000000000023       0x24 ../Lab2_bsp/\libhal_bsp.a(altera_avalon_jtag_uart_fd.o)
 .comment       0x0000000000000023       0x24 ../Lab2_bsp/\libhal_bsp.a(altera_avalon_jtag_uart_init.o)
 .comment       0x0000000000000023       0x24 ../Lab2_bsp/\libhal_bsp.a(altera_avalon_jtag_uart_ioctl.o)
 .comment       0x0000000000000023       0x24 ../Lab2_bsp/\libhal_bsp.a(altera_avalon_jtag_uart_read.o)
 .comment       0x0000000000000023       0x24 ../Lab2_bsp/\libhal_bsp.a(altera_avalon_jtag_uart_write.o)
 .comment       0x0000000000000023       0x24 ../Lab2_bsp/\libhal_bsp.a(altera_avalon_timer_sc.o)
 .comment       0x0000000000000023       0x24 ../Lab2_bsp/\libhal_bsp.a(alt_alarm_start.o)
 .comment       0x0000000000000023       0x24 ../Lab2_bsp/\libhal_bsp.a(alt_close.o)
 .comment       0x0000000000000023       0x24 ../Lab2_bsp/\libhal_bsp.a(alt_dcache_flush_all.o)
 .comment       0x0000000000000023       0x24 ../Lab2_bsp/\libhal_bsp.a(alt_dev.o)
 .comment       0x0000000000000023       0x24 ../Lab2_bsp/\libhal_bsp.a(alt_dev_llist_insert.o)
 .comment       0x0000000000000023       0x24 ../Lab2_bsp/\libhal_bsp.a(alt_errno.o)
 .comment       0x0000000000000023       0x24 ../Lab2_bsp/\libhal_bsp.a(alt_icache_flush_all.o)
 .comment       0x0000000000000023       0x24 ../Lab2_bsp/\libhal_bsp.a(alt_iic.o)
 .comment       0x0000000000000023       0x24 ../Lab2_bsp/\libhal_bsp.a(alt_iic_isr_register.o)
 .comment       0x0000000000000023       0x24 ../Lab2_bsp/\libhal_bsp.a(alt_io_redirect.o)
 .comment       0x0000000000000023       0x24 ../Lab2_bsp/\libhal_bsp.a(alt_irq_handler.o)
 .comment       0x0000000000000023       0x24 ../Lab2_bsp/\libhal_bsp.a(alt_irq_vars.o)
 .comment       0x0000000000000023       0x24 ../Lab2_bsp/\libhal_bsp.a(alt_open.o)
 .comment       0x0000000000000023       0x24 ../Lab2_bsp/\libhal_bsp.a(alt_release_fd.o)
 .comment       0x0000000000000023       0x24 ../Lab2_bsp/\libhal_bsp.a(alt_tick.o)
 .comment       0x0000000000000023       0x24 ../Lab2_bsp/\libhal_bsp.a(altera_nios2_gen2_irq.o)
 .comment       0x0000000000000023       0x24 ../Lab2_bsp/\libhal_bsp.a(alt_find_dev.o)
 .comment       0x0000000000000023       0x24 ../Lab2_bsp/\libhal_bsp.a(alt_find_file.o)
 .comment       0x0000000000000023       0x24 ../Lab2_bsp/\libhal_bsp.a(alt_get_fd.o)
 .comment       0x0000000000000023       0x24 ../Lab2_bsp/\libhal_bsp.a(alt_instruction_exception_entry.o)
 .comment       0x0000000000000023       0x24 k:/intelfpga_lite/18.1/nios2eds/bin/gnu/h-x86_64-mingw32/bin/../lib/gcc/nios2-elf/5.3.0/../../../../../H-x86_64-mingw32/nios2-elf/lib/mno-hw-mul\libsmallc.a(lib_a-exit.o)
 .comment       0x0000000000000023       0x24 k:/intelfpga_lite/18.1/nios2eds/bin/gnu/h-x86_64-mingw32/bin/../lib/gcc/nios2-elf/5.3.0/../../../../../H-x86_64-mingw32/nios2-elf/lib/mno-hw-mul\libsmallc.a(lib_a-memcmp.o)
 .comment       0x0000000000000023       0x24 k:/intelfpga_lite/18.1/nios2eds/bin/gnu/h-x86_64-mingw32/bin/../lib/gcc/nios2-elf/5.3.0/../../../../../H-x86_64-mingw32/nios2-elf/lib/mno-hw-mul\libsmallc.a(lib_a-memcpy.o)
 .comment       0x0000000000000023       0x24 k:/intelfpga_lite/18.1/nios2eds/bin/gnu/h-x86_64-mingw32/bin/../lib/gcc/nios2-elf/5.3.0/../../../../../H-x86_64-mingw32/nios2-elf/lib/mno-hw-mul\libsmallc.a(lib_a-__call_atexit.o)
 .comment       0x0000000000000023       0x24 k:/intelfpga_lite/18.1/nios2eds/bin/gnu/h-x86_64-mingw32/bin/../lib/gcc/nios2-elf/5.3.0/mno-hw-mul\libgcc.a(lib2-mul.o)
 .comment       0x0000000000000023       0x24 ../Lab2_bsp/\libhal_bsp.a(alt_exit.o)

.debug
 *(.debug)

.line
 *(.line)

.debug_srcinfo
 *(.debug_srcinfo)

.debug_sfnames
 *(.debug_sfnames)

.debug_aranges  0x0000000000000000      0x600
 *(.debug_aranges)
 .debug_aranges
                0x0000000000000000       0x28 ../Lab2_bsp//obj/HAL/src/crt0.o
 .debug_aranges
                0x0000000000000028       0x20 obj/default/sem.o
 .debug_aranges
                0x0000000000000048       0x28 k:/intelfpga_lite/18.1/nios2eds/bin/gnu/h-x86_64-mingw32/bin/../lib/gcc/nios2-elf/5.3.0/../../../../../H-x86_64-mingw32/nios2-elf/lib/mno-hw-mul\libsmallc.a(lib_a-puts.o)
 .debug_aranges
                0x0000000000000070       0x20 k:/intelfpga_lite/18.1/nios2eds/bin/gnu/h-x86_64-mingw32/bin/../lib/gcc/nios2-elf/5.3.0/../../../../../H-x86_64-mingw32/nios2-elf/lib/mno-hw-mul\libsmallc.a(lib_a-strlen.o)
 .debug_aranges
                0x0000000000000090       0x20 k:/intelfpga_lite/18.1/nios2eds/bin/gnu/h-x86_64-mingw32/bin/../lib/gcc/nios2-elf/5.3.0/../../../../../H-x86_64-mingw32/nios2-elf/lib/mno-hw-mul\libsmallc.a(lib_a-fvwrite_small_dev.o)
 .debug_aranges
                0x00000000000000b0       0x18 k:/intelfpga_lite/18.1/nios2eds/bin/gnu/h-x86_64-mingw32/bin/../lib/gcc/nios2-elf/5.3.0/../../../../../H-x86_64-mingw32/nios2-elf/lib/mno-hw-mul\libsmallc.a(lib_a-impure.o)
 .debug_aranges
                0x00000000000000c8       0x20 k:/intelfpga_lite/18.1/nios2eds/bin/gnu/h-x86_64-mingw32/bin/../lib/gcc/nios2-elf/5.3.0/../../../../../H-x86_64-mingw32/nios2-elf/lib/mno-hw-mul\libsmallc.a(lib_a-writer.o)
 .debug_aranges
                0x00000000000000e8       0x18 k:/intelfpga_lite/18.1/nios2eds/bin/gnu/h-x86_64-mingw32/bin/../lib/gcc/nios2-elf/5.3.0/../../../../../H-x86_64-mingw32/nios2-elf/lib/mno-hw-mul\libsmallc.a(lib_a-int_errno.o)
 .debug_aranges
                0x0000000000000100       0x20 ../Lab2_bsp/\libhal_bsp.a(alt_dcache_flush.o)
 .debug_aranges
                0x0000000000000120       0x20 ../Lab2_bsp/\libhal_bsp.a(alt_load.o)
 .debug_aranges
                0x0000000000000140       0x20 ../Lab2_bsp/\libhal_bsp.a(alt_main.o)
 .debug_aranges
                0x0000000000000160       0x20 ../Lab2_bsp/\libhal_bsp.a(alt_write.o)
 .debug_aranges
                0x0000000000000180       0x20 ../Lab2_bsp/\libhal_bsp.a(alt_sys_init.o)
 .debug_aranges
                0x00000000000001a0       0x20 ../Lab2_bsp/\libhal_bsp.a(altera_avalon_jtag_uart_fd.o)
 .debug_aranges
                0x00000000000001c0       0x20 ../Lab2_bsp/\libhal_bsp.a(altera_avalon_jtag_uart_init.o)
 .debug_aranges
                0x00000000000001e0       0x20 ../Lab2_bsp/\libhal_bsp.a(altera_avalon_jtag_uart_ioctl.o)
 .debug_aranges
                0x0000000000000200       0x20 ../Lab2_bsp/\libhal_bsp.a(altera_avalon_jtag_uart_read.o)
 .debug_aranges
                0x0000000000000220       0x20 ../Lab2_bsp/\libhal_bsp.a(altera_avalon_jtag_uart_write.o)
 .debug_aranges
                0x0000000000000240       0x20 ../Lab2_bsp/\libhal_bsp.a(altera_avalon_timer_sc.o)
 .debug_aranges
                0x0000000000000260       0x20 ../Lab2_bsp/\libhal_bsp.a(alt_alarm_start.o)
 .debug_aranges
                0x0000000000000280       0x20 ../Lab2_bsp/\libhal_bsp.a(alt_close.o)
 .debug_aranges
                0x00000000000002a0       0x20 ../Lab2_bsp/\libhal_bsp.a(alt_dcache_flush_all.o)
 .debug_aranges
                0x00000000000002c0       0x20 ../Lab2_bsp/\libhal_bsp.a(alt_dev.o)
 .debug_aranges
                0x00000000000002e0       0x20 ../Lab2_bsp/\libhal_bsp.a(alt_dev_llist_insert.o)
 .debug_aranges
                0x0000000000000300       0x18 ../Lab2_bsp/\libhal_bsp.a(alt_errno.o)
 .debug_aranges
                0x0000000000000318       0x20 ../Lab2_bsp/\libhal_bsp.a(alt_icache_flush_all.o)
 .debug_aranges
                0x0000000000000338       0x20 ../Lab2_bsp/\libhal_bsp.a(alt_iic.o)
 .debug_aranges
                0x0000000000000358       0x20 ../Lab2_bsp/\libhal_bsp.a(alt_iic_isr_register.o)
 .debug_aranges
                0x0000000000000378       0x20 ../Lab2_bsp/\libhal_bsp.a(alt_io_redirect.o)
 .debug_aranges
                0x0000000000000398       0x30 ../Lab2_bsp/\libhal_bsp.a(alt_irq_entry.o)
 .debug_aranges
                0x00000000000003c8       0x20 ../Lab2_bsp/\libhal_bsp.a(alt_irq_handler.o)
 .debug_aranges
                0x00000000000003e8       0x18 ../Lab2_bsp/\libhal_bsp.a(alt_irq_vars.o)
 .debug_aranges
                0x0000000000000400       0x20 ../Lab2_bsp/\libhal_bsp.a(alt_open.o)
 .debug_aranges
                0x0000000000000420       0x20 ../Lab2_bsp/\libhal_bsp.a(alt_release_fd.o)
 .debug_aranges
                0x0000000000000440       0x20 ../Lab2_bsp/\libhal_bsp.a(alt_tick.o)
 .debug_aranges
                0x0000000000000460       0x20 ../Lab2_bsp/\libhal_bsp.a(altera_nios2_gen2_irq.o)
 .debug_aranges
                0x0000000000000480       0x38 ../Lab2_bsp/\libhal_bsp.a(alt_exception_entry.o)
 .debug_aranges
                0x00000000000004b8       0x20 ../Lab2_bsp/\libhal_bsp.a(alt_find_dev.o)
 .debug_aranges
                0x00000000000004d8       0x20 ../Lab2_bsp/\libhal_bsp.a(alt_find_file.o)
 .debug_aranges
                0x00000000000004f8       0x20 ../Lab2_bsp/\libhal_bsp.a(alt_get_fd.o)
 .debug_aranges
                0x0000000000000518       0x28 ../Lab2_bsp/\libhal_bsp.a(alt_instruction_exception_entry.o)
 .debug_aranges
                0x0000000000000540       0x20 k:/intelfpga_lite/18.1/nios2eds/bin/gnu/h-x86_64-mingw32/bin/../lib/gcc/nios2-elf/5.3.0/../../../../../H-x86_64-mingw32/nios2-elf/lib/mno-hw-mul\libsmallc.a(lib_a-exit.o)
 .debug_aranges
                0x0000000000000560       0x20 k:/intelfpga_lite/18.1/nios2eds/bin/gnu/h-x86_64-mingw32/bin/../lib/gcc/nios2-elf/5.3.0/../../../../../H-x86_64-mingw32/nios2-elf/lib/mno-hw-mul\libsmallc.a(lib_a-memcmp.o)
 .debug_aranges
                0x0000000000000580       0x20 k:/intelfpga_lite/18.1/nios2eds/bin/gnu/h-x86_64-mingw32/bin/../lib/gcc/nios2-elf/5.3.0/../../../../../H-x86_64-mingw32/nios2-elf/lib/mno-hw-mul\libsmallc.a(lib_a-memcpy.o)
 .debug_aranges
                0x00000000000005a0       0x20 k:/intelfpga_lite/18.1/nios2eds/bin/gnu/h-x86_64-mingw32/bin/../lib/gcc/nios2-elf/5.3.0/../../../../../H-x86_64-mingw32/nios2-elf/lib/mno-hw-mul\libsmallc.a(lib_a-__call_atexit.o)
 .debug_aranges
                0x00000000000005c0       0x20 k:/intelfpga_lite/18.1/nios2eds/bin/gnu/h-x86_64-mingw32/bin/../lib/gcc/nios2-elf/5.3.0/mno-hw-mul\libgcc.a(lib2-mul.o)
 .debug_aranges
                0x00000000000005e0       0x20 ../Lab2_bsp/\libhal_bsp.a(alt_exit.o)

.debug_pubnames
 *(.debug_pubnames)

.debug_info     0x0000000000000000     0x7666
 *(.debug_info .gnu.linkonce.wi.*)
 .debug_info    0x0000000000000000       0x70 ../Lab2_bsp//obj/HAL/src/crt0.o
 .debug_info    0x0000000000000070      0x127 obj/default/sem.o
 .debug_info    0x0000000000000197      0x66d k:/intelfpga_lite/18.1/nios2eds/bin/gnu/h-x86_64-mingw32/bin/../lib/gcc/nios2-elf/5.3.0/../../../../../H-x86_64-mingw32/nios2-elf/lib/mno-hw-mul\libsmallc.a(lib_a-puts.o)
 .debug_info    0x0000000000000804       0xc9 k:/intelfpga_lite/18.1/nios2eds/bin/gnu/h-x86_64-mingw32/bin/../lib/gcc/nios2-elf/5.3.0/../../../../../H-x86_64-mingw32/nios2-elf/lib/mno-hw-mul\libsmallc.a(lib_a-strlen.o)
 .debug_info    0x00000000000008cd      0x62b k:/intelfpga_lite/18.1/nios2eds/bin/gnu/h-x86_64-mingw32/bin/../lib/gcc/nios2-elf/5.3.0/../../../../../H-x86_64-mingw32/nios2-elf/lib/mno-hw-mul\libsmallc.a(lib_a-fvwrite_small_dev.o)
 .debug_info    0x0000000000000ef8      0x5a9 k:/intelfpga_lite/18.1/nios2eds/bin/gnu/h-x86_64-mingw32/bin/../lib/gcc/nios2-elf/5.3.0/../../../../../H-x86_64-mingw32/nios2-elf/lib/mno-hw-mul\libsmallc.a(lib_a-impure.o)
 .debug_info    0x00000000000014a1      0x630 k:/intelfpga_lite/18.1/nios2eds/bin/gnu/h-x86_64-mingw32/bin/../lib/gcc/nios2-elf/5.3.0/../../../../../H-x86_64-mingw32/nios2-elf/lib/mno-hw-mul\libsmallc.a(lib_a-writer.o)
 .debug_info    0x0000000000001ad1       0x8a k:/intelfpga_lite/18.1/nios2eds/bin/gnu/h-x86_64-mingw32/bin/../lib/gcc/nios2-elf/5.3.0/../../../../../H-x86_64-mingw32/nios2-elf/lib/mno-hw-mul\libsmallc.a(lib_a-int_errno.o)
 .debug_info    0x0000000000001b5b       0xbc ../Lab2_bsp/\libhal_bsp.a(alt_dcache_flush.o)
 .debug_info    0x0000000000001c17      0x145 ../Lab2_bsp/\libhal_bsp.a(alt_load.o)
 .debug_info    0x0000000000001d5c      0x131 ../Lab2_bsp/\libhal_bsp.a(alt_main.o)
 .debug_info    0x0000000000001e8d      0x4b7 ../Lab2_bsp/\libhal_bsp.a(alt_write.o)
 .debug_info    0x0000000000002344      0x4d9 ../Lab2_bsp/\libhal_bsp.a(alt_sys_init.o)
 .debug_info    0x000000000000281d      0x52e ../Lab2_bsp/\libhal_bsp.a(altera_avalon_jtag_uart_fd.o)
 .debug_info    0x0000000000002d4b      0x3a0 ../Lab2_bsp/\libhal_bsp.a(altera_avalon_jtag_uart_init.o)
 .debug_info    0x00000000000030eb      0x280 ../Lab2_bsp/\libhal_bsp.a(altera_avalon_jtag_uart_ioctl.o)
 .debug_info    0x000000000000336b      0x345 ../Lab2_bsp/\libhal_bsp.a(altera_avalon_jtag_uart_read.o)
 .debug_info    0x00000000000036b0      0x340 ../Lab2_bsp/\libhal_bsp.a(altera_avalon_jtag_uart_write.o)
 .debug_info    0x00000000000039f0      0x226 ../Lab2_bsp/\libhal_bsp.a(altera_avalon_timer_sc.o)
 .debug_info    0x0000000000003c16      0x2cc ../Lab2_bsp/\libhal_bsp.a(alt_alarm_start.o)
 .debug_info    0x0000000000003ee2      0x321 ../Lab2_bsp/\libhal_bsp.a(alt_close.o)
 .debug_info    0x0000000000004203       0x92 ../Lab2_bsp/\libhal_bsp.a(alt_dcache_flush_all.o)
 .debug_info    0x0000000000004295      0x49c ../Lab2_bsp/\libhal_bsp.a(alt_dev.o)
 .debug_info    0x0000000000004731      0x1a9 ../Lab2_bsp/\libhal_bsp.a(alt_dev_llist_insert.o)
 .debug_info    0x00000000000048da       0xa6 ../Lab2_bsp/\libhal_bsp.a(alt_errno.o)
 .debug_info    0x0000000000004980       0x92 ../Lab2_bsp/\libhal_bsp.a(alt_icache_flush_all.o)
 .debug_info    0x0000000000004a12      0x350 ../Lab2_bsp/\libhal_bsp.a(alt_iic.o)
 .debug_info    0x0000000000004d62      0x1ef ../Lab2_bsp/\libhal_bsp.a(alt_iic_isr_register.o)
 .debug_info    0x0000000000004f51      0x4a5 ../Lab2_bsp/\libhal_bsp.a(alt_io_redirect.o)
 .debug_info    0x00000000000053f6       0x79 ../Lab2_bsp/\libhal_bsp.a(alt_irq_entry.o)
 .debug_info    0x000000000000546f      0x187 ../Lab2_bsp/\libhal_bsp.a(alt_irq_handler.o)
 .debug_info    0x00000000000055f6       0x88 ../Lab2_bsp/\libhal_bsp.a(alt_irq_vars.o)
 .debug_info    0x000000000000567e      0x3bb ../Lab2_bsp/\libhal_bsp.a(alt_open.o)
 .debug_info    0x0000000000005a39      0x2b0 ../Lab2_bsp/\libhal_bsp.a(alt_release_fd.o)
 .debug_info    0x0000000000005ce9      0x299 ../Lab2_bsp/\libhal_bsp.a(alt_tick.o)
 .debug_info    0x0000000000005f82       0x92 ../Lab2_bsp/\libhal_bsp.a(altera_nios2_gen2_irq.o)
 .debug_info    0x0000000000006014       0x7f ../Lab2_bsp/\libhal_bsp.a(alt_exception_entry.o)
 .debug_info    0x0000000000006093      0x2e9 ../Lab2_bsp/\libhal_bsp.a(alt_find_dev.o)
 .debug_info    0x000000000000637c      0x2e6 ../Lab2_bsp/\libhal_bsp.a(alt_find_file.o)
 .debug_info    0x0000000000006662      0x310 ../Lab2_bsp/\libhal_bsp.a(alt_get_fd.o)
 .debug_info    0x0000000000006972      0x1e7 ../Lab2_bsp/\libhal_bsp.a(alt_instruction_exception_entry.o)
 .debug_info    0x0000000000006b59       0xe5 k:/intelfpga_lite/18.1/nios2eds/bin/gnu/h-x86_64-mingw32/bin/../lib/gcc/nios2-elf/5.3.0/../../../../../H-x86_64-mingw32/nios2-elf/lib/mno-hw-mul\libsmallc.a(lib_a-exit.o)
 .debug_info    0x0000000000006c3e       0xf4 k:/intelfpga_lite/18.1/nios2eds/bin/gnu/h-x86_64-mingw32/bin/../lib/gcc/nios2-elf/5.3.0/../../../../../H-x86_64-mingw32/nios2-elf/lib/mno-hw-mul\libsmallc.a(lib_a-memcmp.o)
 .debug_info    0x0000000000006d32      0x119 k:/intelfpga_lite/18.1/nios2eds/bin/gnu/h-x86_64-mingw32/bin/../lib/gcc/nios2-elf/5.3.0/../../../../../H-x86_64-mingw32/nios2-elf/lib/mno-hw-mul\libsmallc.a(lib_a-memcpy.o)
 .debug_info    0x0000000000006e4b      0x67b k:/intelfpga_lite/18.1/nios2eds/bin/gnu/h-x86_64-mingw32/bin/../lib/gcc/nios2-elf/5.3.0/../../../../../H-x86_64-mingw32/nios2-elf/lib/mno-hw-mul\libsmallc.a(lib_a-__call_atexit.o)
 .debug_info    0x00000000000074c6       0xb4 k:/intelfpga_lite/18.1/nios2eds/bin/gnu/h-x86_64-mingw32/bin/../lib/gcc/nios2-elf/5.3.0/mno-hw-mul\libgcc.a(lib2-mul.o)
 .debug_info    0x000000000000757a       0xec ../Lab2_bsp/\libhal_bsp.a(alt_exit.o)

.debug_abbrev   0x0000000000000000     0x2bef
 *(.debug_abbrev)
 .debug_abbrev  0x0000000000000000       0x12 ../Lab2_bsp//obj/HAL/src/crt0.o
 .debug_abbrev  0x0000000000000012       0xb0 obj/default/sem.o
 .debug_abbrev  0x00000000000000c2      0x1d6 k:/intelfpga_lite/18.1/nios2eds/bin/gnu/h-x86_64-mingw32/bin/../lib/gcc/nios2-elf/5.3.0/../../../../../H-x86_64-mingw32/nios2-elf/lib/mno-hw-mul\libsmallc.a(lib_a-puts.o)
 .debug_abbrev  0x0000000000000298       0x7f k:/intelfpga_lite/18.1/nios2eds/bin/gnu/h-x86_64-mingw32/bin/../lib/gcc/nios2-elf/5.3.0/../../../../../H-x86_64-mingw32/nios2-elf/lib/mno-hw-mul\libsmallc.a(lib_a-strlen.o)
 .debug_abbrev  0x0000000000000317      0x1bc k:/intelfpga_lite/18.1/nios2eds/bin/gnu/h-x86_64-mingw32/bin/../lib/gcc/nios2-elf/5.3.0/../../../../../H-x86_64-mingw32/nios2-elf/lib/mno-hw-mul\libsmallc.a(lib_a-fvwrite_small_dev.o)
 .debug_abbrev  0x00000000000004d3      0x14a k:/intelfpga_lite/18.1/nios2eds/bin/gnu/h-x86_64-mingw32/bin/../lib/gcc/nios2-elf/5.3.0/../../../../../H-x86_64-mingw32/nios2-elf/lib/mno-hw-mul\libsmallc.a(lib_a-impure.o)
 .debug_abbrev  0x000000000000061d      0x1a6 k:/intelfpga_lite/18.1/nios2eds/bin/gnu/h-x86_64-mingw32/bin/../lib/gcc/nios2-elf/5.3.0/../../../../../H-x86_64-mingw32/nios2-elf/lib/mno-hw-mul\libsmallc.a(lib_a-writer.o)
 .debug_abbrev  0x00000000000007c3       0x37 k:/intelfpga_lite/18.1/nios2eds/bin/gnu/h-x86_64-mingw32/bin/../lib/gcc/nios2-elf/5.3.0/../../../../../H-x86_64-mingw32/nios2-elf/lib/mno-hw-mul\libsmallc.a(lib_a-int_errno.o)
 .debug_abbrev  0x00000000000007fa       0x74 ../Lab2_bsp/\libhal_bsp.a(alt_dcache_flush.o)
 .debug_abbrev  0x000000000000086e       0x9f ../Lab2_bsp/\libhal_bsp.a(alt_load.o)
 .debug_abbrev  0x000000000000090d       0xba ../Lab2_bsp/\libhal_bsp.a(alt_main.o)
 .debug_abbrev  0x00000000000009c7      0x133 ../Lab2_bsp/\libhal_bsp.a(alt_write.o)
 .debug_abbrev  0x0000000000000afa      0x187 ../Lab2_bsp/\libhal_bsp.a(alt_sys_init.o)
 .debug_abbrev  0x0000000000000c81      0x127 ../Lab2_bsp/\libhal_bsp.a(altera_avalon_jtag_uart_fd.o)
 .debug_abbrev  0x0000000000000da8      0x19e ../Lab2_bsp/\libhal_bsp.a(altera_avalon_jtag_uart_init.o)
 .debug_abbrev  0x0000000000000f46      0x111 ../Lab2_bsp/\libhal_bsp.a(altera_avalon_jtag_uart_ioctl.o)
 .debug_abbrev  0x0000000000001057      0x1aa ../Lab2_bsp/\libhal_bsp.a(altera_avalon_jtag_uart_read.o)
 .debug_abbrev  0x0000000000001201      0x1a8 ../Lab2_bsp/\libhal_bsp.a(altera_avalon_jtag_uart_write.o)
 .debug_abbrev  0x00000000000013a9      0x155 ../Lab2_bsp/\libhal_bsp.a(altera_avalon_timer_sc.o)
 .debug_abbrev  0x00000000000014fe      0x162 ../Lab2_bsp/\libhal_bsp.a(alt_alarm_start.o)
 .debug_abbrev  0x0000000000001660      0x11f ../Lab2_bsp/\libhal_bsp.a(alt_close.o)
 .debug_abbrev  0x000000000000177f       0x42 ../Lab2_bsp/\libhal_bsp.a(alt_dcache_flush_all.o)
 .debug_abbrev  0x00000000000017c1       0xd9 ../Lab2_bsp/\libhal_bsp.a(alt_dev.o)
 .debug_abbrev  0x000000000000189a      0x114 ../Lab2_bsp/\libhal_bsp.a(alt_dev_llist_insert.o)
 .debug_abbrev  0x00000000000019ae       0x5a ../Lab2_bsp/\libhal_bsp.a(alt_errno.o)
 .debug_abbrev  0x0000000000001a08       0x42 ../Lab2_bsp/\libhal_bsp.a(alt_icache_flush_all.o)
 .debug_abbrev  0x0000000000001a4a      0x163 ../Lab2_bsp/\libhal_bsp.a(alt_iic.o)
 .debug_abbrev  0x0000000000001bad      0x169 ../Lab2_bsp/\libhal_bsp.a(alt_iic_isr_register.o)
 .debug_abbrev  0x0000000000001d16      0x114 ../Lab2_bsp/\libhal_bsp.a(alt_io_redirect.o)
 .debug_abbrev  0x0000000000001e2a       0x12 ../Lab2_bsp/\libhal_bsp.a(alt_irq_entry.o)
 .debug_abbrev  0x0000000000001e3c      0x122 ../Lab2_bsp/\libhal_bsp.a(alt_irq_handler.o)
 .debug_abbrev  0x0000000000001f5e       0x40 ../Lab2_bsp/\libhal_bsp.a(alt_irq_vars.o)
 .debug_abbrev  0x0000000000001f9e      0x148 ../Lab2_bsp/\libhal_bsp.a(alt_open.o)
 .debug_abbrev  0x00000000000020e6       0xde ../Lab2_bsp/\libhal_bsp.a(alt_release_fd.o)
 .debug_abbrev  0x00000000000021c4      0x15a ../Lab2_bsp/\libhal_bsp.a(alt_tick.o)
 .debug_abbrev  0x000000000000231e       0x42 ../Lab2_bsp/\libhal_bsp.a(altera_nios2_gen2_irq.o)
 .debug_abbrev  0x0000000000002360       0x12 ../Lab2_bsp/\libhal_bsp.a(alt_exception_entry.o)
 .debug_abbrev  0x0000000000002372       0xf0 ../Lab2_bsp/\libhal_bsp.a(alt_find_dev.o)
 .debug_abbrev  0x0000000000002462       0xf0 ../Lab2_bsp/\libhal_bsp.a(alt_find_file.o)
 .debug_abbrev  0x0000000000002552      0x10d ../Lab2_bsp/\libhal_bsp.a(alt_get_fd.o)
 .debug_abbrev  0x000000000000265f       0xdc ../Lab2_bsp/\libhal_bsp.a(alt_instruction_exception_entry.o)
 .debug_abbrev  0x000000000000273b       0x8b k:/intelfpga_lite/18.1/nios2eds/bin/gnu/h-x86_64-mingw32/bin/../lib/gcc/nios2-elf/5.3.0/../../../../../H-x86_64-mingw32/nios2-elf/lib/mno-hw-mul\libsmallc.a(lib_a-exit.o)
 .debug_abbrev  0x00000000000027c6       0x7f k:/intelfpga_lite/18.1/nios2eds/bin/gnu/h-x86_64-mingw32/bin/../lib/gcc/nios2-elf/5.3.0/../../../../../H-x86_64-mingw32/nios2-elf/lib/mno-hw-mul\libsmallc.a(lib_a-memcmp.o)
 .debug_abbrev  0x0000000000002845       0x9c k:/intelfpga_lite/18.1/nios2eds/bin/gnu/h-x86_64-mingw32/bin/../lib/gcc/nios2-elf/5.3.0/../../../../../H-x86_64-mingw32/nios2-elf/lib/mno-hw-mul\libsmallc.a(lib_a-memcpy.o)
 .debug_abbrev  0x00000000000028e1      0x1f6 k:/intelfpga_lite/18.1/nios2eds/bin/gnu/h-x86_64-mingw32/bin/../lib/gcc/nios2-elf/5.3.0/../../../../../H-x86_64-mingw32/nios2-elf/lib/mno-hw-mul\libsmallc.a(lib_a-__call_atexit.o)
 .debug_abbrev  0x0000000000002ad7       0x6f k:/intelfpga_lite/18.1/nios2eds/bin/gnu/h-x86_64-mingw32/bin/../lib/gcc/nios2-elf/5.3.0/mno-hw-mul\libgcc.a(lib2-mul.o)
 .debug_abbrev  0x0000000000002b46       0xa9 ../Lab2_bsp/\libhal_bsp.a(alt_exit.o)

.debug_line     0x0000000000000000     0x2e10
 *(.debug_line)
 .debug_line    0x0000000000000000       0x5c ../Lab2_bsp//obj/HAL/src/crt0.o
 .debug_line    0x000000000000005c       0x94 obj/default/sem.o
 .debug_line    0x00000000000000f0      0x206 k:/intelfpga_lite/18.1/nios2eds/bin/gnu/h-x86_64-mingw32/bin/../lib/gcc/nios2-elf/5.3.0/../../../../../H-x86_64-mingw32/nios2-elf/lib/mno-hw-mul\libsmallc.a(lib_a-puts.o)
 .debug_line    0x00000000000002f6      0x15c k:/intelfpga_lite/18.1/nios2eds/bin/gnu/h-x86_64-mingw32/bin/../lib/gcc/nios2-elf/5.3.0/../../../../../H-x86_64-mingw32/nios2-elf/lib/mno-hw-mul\libsmallc.a(lib_a-strlen.o)
 .debug_line    0x0000000000000452      0x1f0 k:/intelfpga_lite/18.1/nios2eds/bin/gnu/h-x86_64-mingw32/bin/../lib/gcc/nios2-elf/5.3.0/../../../../../H-x86_64-mingw32/nios2-elf/lib/mno-hw-mul\libsmallc.a(lib_a-fvwrite_small_dev.o)
 .debug_line    0x0000000000000642      0x156 k:/intelfpga_lite/18.1/nios2eds/bin/gnu/h-x86_64-mingw32/bin/../lib/gcc/nios2-elf/5.3.0/../../../../../H-x86_64-mingw32/nios2-elf/lib/mno-hw-mul\libsmallc.a(lib_a-impure.o)
 .debug_line    0x0000000000000798      0x1ed k:/intelfpga_lite/18.1/nios2eds/bin/gnu/h-x86_64-mingw32/bin/../lib/gcc/nios2-elf/5.3.0/../../../../../H-x86_64-mingw32/nios2-elf/lib/mno-hw-mul\libsmallc.a(lib_a-writer.o)
 .debug_line    0x0000000000000985       0x5f k:/intelfpga_lite/18.1/nios2eds/bin/gnu/h-x86_64-mingw32/bin/../lib/gcc/nios2-elf/5.3.0/../../../../../H-x86_64-mingw32/nios2-elf/lib/mno-hw-mul\libsmallc.a(lib_a-int_errno.o)
 .debug_line    0x00000000000009e4       0x67 ../Lab2_bsp/\libhal_bsp.a(alt_dcache_flush.o)
 .debug_line    0x0000000000000a4b       0x8e ../Lab2_bsp/\libhal_bsp.a(alt_load.o)
 .debug_line    0x0000000000000ad9       0x9e ../Lab2_bsp/\libhal_bsp.a(alt_main.o)
 .debug_line    0x0000000000000b77      0x1db ../Lab2_bsp/\libhal_bsp.a(alt_write.o)
 .debug_line    0x0000000000000d52      0x151 ../Lab2_bsp/\libhal_bsp.a(alt_sys_init.o)
 .debug_line    0x0000000000000ea3      0x12f ../Lab2_bsp/\libhal_bsp.a(altera_avalon_jtag_uart_fd.o)
 .debug_line    0x0000000000000fd2      0x18b ../Lab2_bsp/\libhal_bsp.a(altera_avalon_jtag_uart_init.o)
 .debug_line    0x000000000000115d      0x131 ../Lab2_bsp/\libhal_bsp.a(altera_avalon_jtag_uart_ioctl.o)
 .debug_line    0x000000000000128e      0x171 ../Lab2_bsp/\libhal_bsp.a(altera_avalon_jtag_uart_read.o)
 .debug_line    0x00000000000013ff      0x170 ../Lab2_bsp/\libhal_bsp.a(altera_avalon_jtag_uart_write.o)
 .debug_line    0x000000000000156f       0xfd ../Lab2_bsp/\libhal_bsp.a(altera_avalon_timer_sc.o)
 .debug_line    0x000000000000166c       0xf9 ../Lab2_bsp/\libhal_bsp.a(alt_alarm_start.o)
 .debug_line    0x0000000000001765      0x165 ../Lab2_bsp/\libhal_bsp.a(alt_close.o)
 .debug_line    0x00000000000018ca       0x51 ../Lab2_bsp/\libhal_bsp.a(alt_dcache_flush_all.o)
 .debug_line    0x000000000000191b       0xf8 ../Lab2_bsp/\libhal_bsp.a(alt_dev.o)
 .debug_line    0x0000000000001a13       0xcf ../Lab2_bsp/\libhal_bsp.a(alt_dev_llist_insert.o)
 .debug_line    0x0000000000001ae2       0x51 ../Lab2_bsp/\libhal_bsp.a(alt_errno.o)
 .debug_line    0x0000000000001b33       0x4f ../Lab2_bsp/\libhal_bsp.a(alt_icache_flush_all.o)
 .debug_line    0x0000000000001b82       0xeb ../Lab2_bsp/\libhal_bsp.a(alt_iic.o)
 .debug_line    0x0000000000001c6d       0xdb ../Lab2_bsp/\libhal_bsp.a(alt_iic_isr_register.o)
 .debug_line    0x0000000000001d48      0x135 ../Lab2_bsp/\libhal_bsp.a(alt_io_redirect.o)
 .debug_line    0x0000000000001e7d       0x6b ../Lab2_bsp/\libhal_bsp.a(alt_irq_entry.o)
 .debug_line    0x0000000000001ee8       0xaa ../Lab2_bsp/\libhal_bsp.a(alt_irq_handler.o)
 .debug_line    0x0000000000001f92       0x50 ../Lab2_bsp/\libhal_bsp.a(alt_irq_vars.o)
 .debug_line    0x0000000000001fe2      0x12b ../Lab2_bsp/\libhal_bsp.a(alt_open.o)
 .debug_line    0x000000000000210d       0xb0 ../Lab2_bsp/\libhal_bsp.a(alt_release_fd.o)
 .debug_line    0x00000000000021bd       0xff ../Lab2_bsp/\libhal_bsp.a(alt_tick.o)
 .debug_line    0x00000000000022bc       0x51 ../Lab2_bsp/\libhal_bsp.a(altera_nios2_gen2_irq.o)
 .debug_line    0x000000000000230d       0xb3 ../Lab2_bsp/\libhal_bsp.a(alt_exception_entry.o)
 .debug_line    0x00000000000023c0       0xb5 ../Lab2_bsp/\libhal_bsp.a(alt_find_dev.o)
 .debug_line    0x0000000000002475       0xd1 ../Lab2_bsp/\libhal_bsp.a(alt_find_file.o)
 .debug_line    0x0000000000002546       0xd7 ../Lab2_bsp/\libhal_bsp.a(alt_get_fd.o)
 .debug_line    0x000000000000261d       0xb9 ../Lab2_bsp/\libhal_bsp.a(alt_instruction_exception_entry.o)
 .debug_line    0x00000000000026d6      0x159 k:/intelfpga_lite/18.1/nios2eds/bin/gnu/h-x86_64-mingw32/bin/../lib/gcc/nios2-elf/5.3.0/../../../../../H-x86_64-mingw32/nios2-elf/lib/mno-hw-mul\libsmallc.a(lib_a-exit.o)
 .debug_line    0x000000000000282f      0x160 k:/intelfpga_lite/18.1/nios2eds/bin/gnu/h-x86_64-mingw32/bin/../lib/gcc/nios2-elf/5.3.0/../../../../../H-x86_64-mingw32/nios2-elf/lib/mno-hw-mul\libsmallc.a(lib_a-memcmp.o)
 .debug_line    0x000000000000298f      0x15e k:/intelfpga_lite/18.1/nios2eds/bin/gnu/h-x86_64-mingw32/bin/../lib/gcc/nios2-elf/5.3.0/../../../../../H-x86_64-mingw32/nios2-elf/lib/mno-hw-mul\libsmallc.a(lib_a-memcpy.o)
 .debug_line    0x0000000000002aed      0x232 k:/intelfpga_lite/18.1/nios2eds/bin/gnu/h-x86_64-mingw32/bin/../lib/gcc/nios2-elf/5.3.0/../../../../../H-x86_64-mingw32/nios2-elf/lib/mno-hw-mul\libsmallc.a(lib_a-__call_atexit.o)
 .debug_line    0x0000000000002d1f       0x80 k:/intelfpga_lite/18.1/nios2eds/bin/gnu/h-x86_64-mingw32/bin/../lib/gcc/nios2-elf/5.3.0/mno-hw-mul\libgcc.a(lib2-mul.o)
 .debug_line    0x0000000000002d9f       0x71 ../Lab2_bsp/\libhal_bsp.a(alt_exit.o)

.debug_frame    0x0000000000000000      0xb90
 *(.debug_frame)
 .debug_frame   0x0000000000000000       0x2c obj/default/sem.o
 .debug_frame   0x000000000000002c       0x48 k:/intelfpga_lite/18.1/nios2eds/bin/gnu/h-x86_64-mingw32/bin/../lib/gcc/nios2-elf/5.3.0/../../../../../H-x86_64-mingw32/nios2-elf/lib/mno-hw-mul\libsmallc.a(lib_a-puts.o)
 .debug_frame   0x0000000000000074       0x20 k:/intelfpga_lite/18.1/nios2eds/bin/gnu/h-x86_64-mingw32/bin/../lib/gcc/nios2-elf/5.3.0/../../../../../H-x86_64-mingw32/nios2-elf/lib/mno-hw-mul\libsmallc.a(lib_a-strlen.o)
 .debug_frame   0x0000000000000094       0x58 k:/intelfpga_lite/18.1/nios2eds/bin/gnu/h-x86_64-mingw32/bin/../lib/gcc/nios2-elf/5.3.0/../../../../../H-x86_64-mingw32/nios2-elf/lib/mno-hw-mul\libsmallc.a(lib_a-fvwrite_small_dev.o)
 .debug_frame   0x00000000000000ec       0x38 k:/intelfpga_lite/18.1/nios2eds/bin/gnu/h-x86_64-mingw32/bin/../lib/gcc/nios2-elf/5.3.0/../../../../../H-x86_64-mingw32/nios2-elf/lib/mno-hw-mul\libsmallc.a(lib_a-writer.o)
 .debug_frame   0x0000000000000124       0x34 ../Lab2_bsp/\libhal_bsp.a(alt_dcache_flush.o)
 .debug_frame   0x0000000000000158       0x5c ../Lab2_bsp/\libhal_bsp.a(alt_load.o)
 .debug_frame   0x00000000000001b4       0x2c ../Lab2_bsp/\libhal_bsp.a(alt_main.o)
 .debug_frame   0x00000000000001e0       0x60 ../Lab2_bsp/\libhal_bsp.a(alt_write.o)
 .debug_frame   0x0000000000000240       0x88 ../Lab2_bsp/\libhal_bsp.a(alt_sys_init.o)
 .debug_frame   0x00000000000002c8       0xb0 ../Lab2_bsp/\libhal_bsp.a(altera_avalon_jtag_uart_fd.o)
 .debug_frame   0x0000000000000378       0xa4 ../Lab2_bsp/\libhal_bsp.a(altera_avalon_jtag_uart_init.o)
 .debug_frame   0x000000000000041c       0x34 ../Lab2_bsp/\libhal_bsp.a(altera_avalon_jtag_uart_ioctl.o)
 .debug_frame   0x0000000000000450       0x38 ../Lab2_bsp/\libhal_bsp.a(altera_avalon_jtag_uart_read.o)
 .debug_frame   0x0000000000000488       0x38 ../Lab2_bsp/\libhal_bsp.a(altera_avalon_jtag_uart_write.o)
 .debug_frame   0x00000000000004c0       0x60 ../Lab2_bsp/\libhal_bsp.a(altera_avalon_timer_sc.o)
 .debug_frame   0x0000000000000520       0x34 ../Lab2_bsp/\libhal_bsp.a(alt_alarm_start.o)
 .debug_frame   0x0000000000000554       0x60 ../Lab2_bsp/\libhal_bsp.a(alt_close.o)
 .debug_frame   0x00000000000005b4       0x34 ../Lab2_bsp/\libhal_bsp.a(alt_dcache_flush_all.o)
 .debug_frame   0x00000000000005e8       0x34 ../Lab2_bsp/\libhal_bsp.a(alt_dev.o)
 .debug_frame   0x000000000000061c       0x60 ../Lab2_bsp/\libhal_bsp.a(alt_dev_llist_insert.o)
 .debug_frame   0x000000000000067c       0x34 ../Lab2_bsp/\libhal_bsp.a(alt_icache_flush_all.o)
 .debug_frame   0x00000000000006b0       0xa4 ../Lab2_bsp/\libhal_bsp.a(alt_iic.o)
 .debug_frame   0x0000000000000754       0x38 ../Lab2_bsp/\libhal_bsp.a(alt_iic_isr_register.o)
 .debug_frame   0x000000000000078c       0x64 ../Lab2_bsp/\libhal_bsp.a(alt_io_redirect.o)
 .debug_frame   0x00000000000007f0       0x38 ../Lab2_bsp/\libhal_bsp.a(alt_irq_handler.o)
 .debug_frame   0x0000000000000828       0x8c ../Lab2_bsp/\libhal_bsp.a(alt_open.o)
 .debug_frame   0x00000000000008b4       0x3c ../Lab2_bsp/\libhal_bsp.a(alt_release_fd.o)
 .debug_frame   0x00000000000008f0       0x5c ../Lab2_bsp/\libhal_bsp.a(alt_tick.o)
 .debug_frame   0x000000000000094c       0x34 ../Lab2_bsp/\libhal_bsp.a(altera_nios2_gen2_irq.o)
 .debug_frame   0x0000000000000980       0x38 ../Lab2_bsp/\libhal_bsp.a(alt_find_dev.o)
 .debug_frame   0x00000000000009b8       0x38 ../Lab2_bsp/\libhal_bsp.a(alt_find_file.o)
 .debug_frame   0x00000000000009f0       0x3c ../Lab2_bsp/\libhal_bsp.a(alt_get_fd.o)
 .debug_frame   0x0000000000000a2c       0x5c ../Lab2_bsp/\libhal_bsp.a(alt_instruction_exception_entry.o)
 .debug_frame   0x0000000000000a88       0x28 k:/intelfpga_lite/18.1/nios2eds/bin/gnu/h-x86_64-mingw32/bin/../lib/gcc/nios2-elf/5.3.0/../../../../../H-x86_64-mingw32/nios2-elf/lib/mno-hw-mul\libsmallc.a(lib_a-exit.o)
 .debug_frame   0x0000000000000ab0       0x20 k:/intelfpga_lite/18.1/nios2eds/bin/gnu/h-x86_64-mingw32/bin/../lib/gcc/nios2-elf/5.3.0/../../../../../H-x86_64-mingw32/nios2-elf/lib/mno-hw-mul\libsmallc.a(lib_a-memcmp.o)
 .debug_frame   0x0000000000000ad0       0x20 k:/intelfpga_lite/18.1/nios2eds/bin/gnu/h-x86_64-mingw32/bin/../lib/gcc/nios2-elf/5.3.0/../../../../../H-x86_64-mingw32/nios2-elf/lib/mno-hw-mul\libsmallc.a(lib_a-memcpy.o)
 .debug_frame   0x0000000000000af0       0x54 k:/intelfpga_lite/18.1/nios2eds/bin/gnu/h-x86_64-mingw32/bin/../lib/gcc/nios2-elf/5.3.0/../../../../../H-x86_64-mingw32/nios2-elf/lib/mno-hw-mul\libsmallc.a(lib_a-__call_atexit.o)
 .debug_frame   0x0000000000000b44       0x20 k:/intelfpga_lite/18.1/nios2eds/bin/gnu/h-x86_64-mingw32/bin/../lib/gcc/nios2-elf/5.3.0/mno-hw-mul\libgcc.a(lib2-mul.o)
 .debug_frame   0x0000000000000b64       0x2c ../Lab2_bsp/\libhal_bsp.a(alt_exit.o)

.debug_str      0x0000000000000000     0x1ba8
 *(.debug_str)
 .debug_str     0x0000000000000000      0x115 obj/default/sem.o
                                        0x153 (size before relaxing)
 .debug_str     0x0000000000000115      0x3f3 k:/intelfpga_lite/18.1/nios2eds/bin/gnu/h-x86_64-mingw32/bin/../lib/gcc/nios2-elf/5.3.0/../../../../../H-x86_64-mingw32/nios2-elf/lib/mno-hw-mul\libsmallc.a(lib_a-puts.o)
                                        0x4cd (size before relaxing)
 .debug_str     0x0000000000000508       0xd2 k:/intelfpga_lite/18.1/nios2eds/bin/gnu/h-x86_64-mingw32/bin/../lib/gcc/nios2-elf/5.3.0/../../../../../H-x86_64-mingw32/nios2-elf/lib/mno-hw-mul\libsmallc.a(lib_a-strlen.o)
                                        0x1e5 (size before relaxing)
 .debug_str     0x00000000000005da       0x63 k:/intelfpga_lite/18.1/nios2eds/bin/gnu/h-x86_64-mingw32/bin/../lib/gcc/nios2-elf/5.3.0/../../../../../H-x86_64-mingw32/nios2-elf/lib/mno-hw-mul\libsmallc.a(lib_a-fvwrite_small_dev.o)
                                        0x4d4 (size before relaxing)
 .debug_str     0x000000000000063d       0xef k:/intelfpga_lite/18.1/nios2eds/bin/gnu/h-x86_64-mingw32/bin/../lib/gcc/nios2-elf/5.3.0/../../../../../H-x86_64-mingw32/nios2-elf/lib/mno-hw-mul\libsmallc.a(lib_a-impure.o)
                                        0x4be (size before relaxing)
 .debug_str     0x000000000000072c       0x45 k:/intelfpga_lite/18.1/nios2eds/bin/gnu/h-x86_64-mingw32/bin/../lib/gcc/nios2-elf/5.3.0/../../../../../H-x86_64-mingw32/nios2-elf/lib/mno-hw-mul\libsmallc.a(lib_a-writer.o)
                                        0x4b8 (size before relaxing)
 .debug_str     0x0000000000000771       0x3f k:/intelfpga_lite/18.1/nios2eds/bin/gnu/h-x86_64-mingw32/bin/../lib/gcc/nios2-elf/5.3.0/../../../../../H-x86_64-mingw32/nios2-elf/lib/mno-hw-mul\libsmallc.a(lib_a-int_errno.o)
                                        0x1d8 (size before relaxing)
 .debug_str     0x00000000000007b0       0x57 ../Lab2_bsp/\libhal_bsp.a(alt_dcache_flush.o)
                                        0x15d (size before relaxing)
 .debug_str     0x0000000000000807       0xe9 ../Lab2_bsp/\libhal_bsp.a(alt_load.o)
                                        0x214 (size before relaxing)
 .debug_str     0x00000000000008f0       0x70 ../Lab2_bsp/\libhal_bsp.a(alt_main.o)
                                        0x19f (size before relaxing)
 .debug_str     0x0000000000000960      0x153 ../Lab2_bsp/\libhal_bsp.a(alt_write.o)
                                        0x2fa (size before relaxing)
 .debug_str     0x0000000000000ab3      0x18b ../Lab2_bsp/\libhal_bsp.a(alt_sys_init.o)
                                        0x390 (size before relaxing)
 .debug_str     0x0000000000000c3e       0xb9 ../Lab2_bsp/\libhal_bsp.a(altera_avalon_jtag_uart_fd.o)
                                        0x3a6 (size before relaxing)
 .debug_str     0x0000000000000cf7       0xd1 ../Lab2_bsp/\libhal_bsp.a(altera_avalon_jtag_uart_init.o)
                                        0x33a (size before relaxing)
 .debug_str     0x0000000000000dc8       0x4a ../Lab2_bsp/\libhal_bsp.a(altera_avalon_jtag_uart_ioctl.o)
                                        0x295 (size before relaxing)
 .debug_str     0x0000000000000e12       0x7f ../Lab2_bsp/\libhal_bsp.a(altera_avalon_jtag_uart_read.o)
                                        0x2ea (size before relaxing)
 .debug_str     0x0000000000000e91       0x4a ../Lab2_bsp/\libhal_bsp.a(altera_avalon_jtag_uart_write.o)
                                        0x2eb (size before relaxing)
 .debug_str     0x0000000000000edb       0x6d ../Lab2_bsp/\libhal_bsp.a(altera_avalon_timer_sc.o)
                                        0x24d (size before relaxing)
 .debug_str     0x0000000000000f48       0x59 ../Lab2_bsp/\libhal_bsp.a(alt_alarm_start.o)
                                        0x280 (size before relaxing)
 .debug_str     0x0000000000000fa1       0x1b ../Lab2_bsp/\libhal_bsp.a(alt_close.o)
                                        0x20d (size before relaxing)
 .debug_str     0x0000000000000fbc       0x34 ../Lab2_bsp/\libhal_bsp.a(alt_dcache_flush_all.o)
                                        0x157 (size before relaxing)
 .debug_str     0x0000000000000ff0       0x50 ../Lab2_bsp/\libhal_bsp.a(alt_dev.o)
                                        0x307 (size before relaxing)
 .debug_str     0x0000000000001040       0x34 ../Lab2_bsp/\libhal_bsp.a(alt_dev_llist_insert.o)
                                        0x1ce (size before relaxing)
 .debug_str     0x0000000000001074       0x14 ../Lab2_bsp/\libhal_bsp.a(alt_errno.o)
                                        0x147 (size before relaxing)
 .debug_str     0x0000000000001088       0x34 ../Lab2_bsp/\libhal_bsp.a(alt_icache_flush_all.o)
                                        0x157 (size before relaxing)
 .debug_str     0x00000000000010bc       0xc4 ../Lab2_bsp/\libhal_bsp.a(alt_iic.o)
                                        0x240 (size before relaxing)
 .debug_str     0x0000000000001180       0x4c ../Lab2_bsp/\libhal_bsp.a(alt_iic_isr_register.o)
                                        0x1ea (size before relaxing)
 .debug_str     0x00000000000011cc       0x56 ../Lab2_bsp/\libhal_bsp.a(alt_io_redirect.o)
                                        0x318 (size before relaxing)
 .debug_str     0x0000000000001222       0x3a ../Lab2_bsp/\libhal_bsp.a(alt_irq_handler.o)
                                        0x199 (size before relaxing)
 .debug_str     0x000000000000125c       0x17 ../Lab2_bsp/\libhal_bsp.a(alt_irq_vars.o)
                                        0x13c (size before relaxing)
 .debug_str     0x0000000000001273       0x2f ../Lab2_bsp/\libhal_bsp.a(alt_open.o)
                                        0x24d (size before relaxing)
 .debug_str     0x00000000000012a2       0x28 ../Lab2_bsp/\libhal_bsp.a(alt_release_fd.o)
                                        0x1d5 (size before relaxing)
 .debug_str     0x00000000000012ca       0x4a ../Lab2_bsp/\libhal_bsp.a(alt_tick.o)
                                        0x254 (size before relaxing)
 .debug_str     0x0000000000001314       0x3b ../Lab2_bsp/\libhal_bsp.a(altera_nios2_gen2_irq.o)
                                        0x15e (size before relaxing)
 .debug_str     0x000000000000134f       0x24 ../Lab2_bsp/\libhal_bsp.a(alt_find_dev.o)
                                        0x1ee (size before relaxing)
 .debug_str     0x0000000000001373       0x26 ../Lab2_bsp/\libhal_bsp.a(alt_find_file.o)
                                        0x1fc (size before relaxing)
 .debug_str     0x0000000000001399       0x30 ../Lab2_bsp/\libhal_bsp.a(alt_get_fd.o)
                                        0x21e (size before relaxing)
 .debug_str     0x00000000000013c9      0x48b ../Lab2_bsp/\libhal_bsp.a(alt_instruction_exception_entry.o)
                                        0x5a2 (size before relaxing)
 .debug_str     0x0000000000001854       0xe1 k:/intelfpga_lite/18.1/nios2eds/bin/gnu/h-x86_64-mingw32/bin/../lib/gcc/nios2-elf/5.3.0/../../../../../H-x86_64-mingw32/nios2-elf/lib/mno-hw-mul\libsmallc.a(lib_a-exit.o)
                                        0x1f0 (size before relaxing)
 .debug_str     0x0000000000001935       0x44 k:/intelfpga_lite/18.1/nios2eds/bin/gnu/h-x86_64-mingw32/bin/../lib/gcc/nios2-elf/5.3.0/../../../../../H-x86_64-mingw32/nios2-elf/lib/mno-hw-mul\libsmallc.a(lib_a-memcmp.o)
                                        0x1df (size before relaxing)
 .debug_str     0x0000000000001979       0x58 k:/intelfpga_lite/18.1/nios2eds/bin/gnu/h-x86_64-mingw32/bin/../lib/gcc/nios2-elf/5.3.0/../../../../../H-x86_64-mingw32/nios2-elf/lib/mno-hw-mul\libsmallc.a(lib_a-memcpy.o)
                                        0x1f3 (size before relaxing)
 .debug_str     0x00000000000019d1       0x65 k:/intelfpga_lite/18.1/nios2eds/bin/gnu/h-x86_64-mingw32/bin/../lib/gcc/nios2-elf/5.3.0/../../../../../H-x86_64-mingw32/nios2-elf/lib/mno-hw-mul\libsmallc.a(lib_a-__call_atexit.o)
                                        0x4eb (size before relaxing)
 .debug_str     0x0000000000001a36      0x148 k:/intelfpga_lite/18.1/nios2eds/bin/gnu/h-x86_64-mingw32/bin/../lib/gcc/nios2-elf/5.3.0/mno-hw-mul\libgcc.a(lib2-mul.o)
                                        0x193 (size before relaxing)
 .debug_str     0x0000000000001b7e       0x2a ../Lab2_bsp/\libhal_bsp.a(alt_exit.o)
                                        0x153 (size before relaxing)

.debug_loc      0x0000000000000000      0x63b
 *(.debug_loc)
 .debug_loc     0x0000000000000000       0x97 k:/intelfpga_lite/18.1/nios2eds/bin/gnu/h-x86_64-mingw32/bin/../lib/gcc/nios2-elf/5.3.0/../../../../../H-x86_64-mingw32/nios2-elf/lib/mno-hw-mul\libsmallc.a(lib_a-puts.o)
 .debug_loc     0x0000000000000097       0x1e k:/intelfpga_lite/18.1/nios2eds/bin/gnu/h-x86_64-mingw32/bin/../lib/gcc/nios2-elf/5.3.0/../../../../../H-x86_64-mingw32/nios2-elf/lib/mno-hw-mul\libsmallc.a(lib_a-strlen.o)
 .debug_loc     0x00000000000000b5      0x110 k:/intelfpga_lite/18.1/nios2eds/bin/gnu/h-x86_64-mingw32/bin/../lib/gcc/nios2-elf/5.3.0/../../../../../H-x86_64-mingw32/nios2-elf/lib/mno-hw-mul\libsmallc.a(lib_a-fvwrite_small_dev.o)
 .debug_loc     0x00000000000001c5       0xa5 k:/intelfpga_lite/18.1/nios2eds/bin/gnu/h-x86_64-mingw32/bin/../lib/gcc/nios2-elf/5.3.0/../../../../../H-x86_64-mingw32/nios2-elf/lib/mno-hw-mul\libsmallc.a(lib_a-writer.o)
 .debug_loc     0x000000000000026a       0x1e k:/intelfpga_lite/18.1/nios2eds/bin/gnu/h-x86_64-mingw32/bin/../lib/gcc/nios2-elf/5.3.0/../../../../../H-x86_64-mingw32/nios2-elf/lib/mno-hw-mul\libsmallc.a(lib_a-exit.o)
 .debug_loc     0x0000000000000288       0x94 k:/intelfpga_lite/18.1/nios2eds/bin/gnu/h-x86_64-mingw32/bin/../lib/gcc/nios2-elf/5.3.0/../../../../../H-x86_64-mingw32/nios2-elf/lib/mno-hw-mul\libsmallc.a(lib_a-memcmp.o)
 .debug_loc     0x000000000000031c      0x135 k:/intelfpga_lite/18.1/nios2eds/bin/gnu/h-x86_64-mingw32/bin/../lib/gcc/nios2-elf/5.3.0/../../../../../H-x86_64-mingw32/nios2-elf/lib/mno-hw-mul\libsmallc.a(lib_a-memcpy.o)
 .debug_loc     0x0000000000000451      0x157 k:/intelfpga_lite/18.1/nios2eds/bin/gnu/h-x86_64-mingw32/bin/../lib/gcc/nios2-elf/5.3.0/../../../../../H-x86_64-mingw32/nios2-elf/lib/mno-hw-mul\libsmallc.a(lib_a-__call_atexit.o)
 .debug_loc     0x00000000000005a8       0x93 k:/intelfpga_lite/18.1/nios2eds/bin/gnu/h-x86_64-mingw32/bin/../lib/gcc/nios2-elf/5.3.0/mno-hw-mul\libgcc.a(lib2-mul.o)

.debug_macinfo
 *(.debug_macinfo)

.debug_weaknames
 *(.debug_weaknames)

.debug_funcnames
 *(.debug_funcnames)

.debug_typenames
 *(.debug_typenames)

.debug_varnames
 *(.debug_varnames)

.debug_alt_sim_info
 *(.debug_alt_sim_info)
                0x0000000000020000                __alt_data_end = 0x20000
                0x0000000000020000                PROVIDE (__alt_stack_pointer, __alt_data_end)
                [!provide]                        PROVIDE (__alt_stack_limit, __alt_stack_base)
                [!provide]                        PROVIDE (__alt_heap_start, end)
                [!provide]                        PROVIDE (__alt_heap_limit, 0x20000)
OUTPUT(RUN_ON_HDL_SIMULATOR_ONLY_Lab2.elf elf32-littlenios2)

.debug_ranges   0x0000000000000000      0x1a0
 .debug_ranges  0x0000000000000000       0x20 ../Lab2_bsp//obj/HAL/src/crt0.o
 .debug_ranges  0x0000000000000020       0x18 k:/intelfpga_lite/18.1/nios2eds/bin/gnu/h-x86_64-mingw32/bin/../lib/gcc/nios2-elf/5.3.0/../../../../../H-x86_64-mingw32/nios2-elf/lib/mno-hw-mul\libsmallc.a(lib_a-puts.o)
 .debug_ranges  0x0000000000000038       0x10 k:/intelfpga_lite/18.1/nios2eds/bin/gnu/h-x86_64-mingw32/bin/../lib/gcc/nios2-elf/5.3.0/../../../../../H-x86_64-mingw32/nios2-elf/lib/mno-hw-mul\libsmallc.a(lib_a-strlen.o)
 .debug_ranges  0x0000000000000048       0x28 k:/intelfpga_lite/18.1/nios2eds/bin/gnu/h-x86_64-mingw32/bin/../lib/gcc/nios2-elf/5.3.0/../../../../../H-x86_64-mingw32/nios2-elf/lib/mno-hw-mul\libsmallc.a(lib_a-fvwrite_small_dev.o)
 .debug_ranges  0x0000000000000070       0x10 k:/intelfpga_lite/18.1/nios2eds/bin/gnu/h-x86_64-mingw32/bin/../lib/gcc/nios2-elf/5.3.0/../../../../../H-x86_64-mingw32/nios2-elf/lib/mno-hw-mul\libsmallc.a(lib_a-writer.o)
 .debug_ranges  0x0000000000000080       0x30 ../Lab2_bsp/\libhal_bsp.a(altera_avalon_jtag_uart_init.o)
 .debug_ranges  0x00000000000000b0       0x18 ../Lab2_bsp/\libhal_bsp.a(altera_avalon_jtag_uart_read.o)
 .debug_ranges  0x00000000000000c8       0x28 ../Lab2_bsp/\libhal_bsp.a(alt_irq_entry.o)
 .debug_ranges  0x00000000000000f0       0x10 ../Lab2_bsp/\libhal_bsp.a(alt_irq_handler.o)
 .debug_ranges  0x0000000000000100       0x30 ../Lab2_bsp/\libhal_bsp.a(alt_exception_entry.o)
 .debug_ranges  0x0000000000000130       0x18 ../Lab2_bsp/\libhal_bsp.a(alt_instruction_exception_entry.o)
 .debug_ranges  0x0000000000000148       0x10 k:/intelfpga_lite/18.1/nios2eds/bin/gnu/h-x86_64-mingw32/bin/../lib/gcc/nios2-elf/5.3.0/../../../../../H-x86_64-mingw32/nios2-elf/lib/mno-hw-mul\libsmallc.a(lib_a-exit.o)
 .debug_ranges  0x0000000000000158       0x10 k:/intelfpga_lite/18.1/nios2eds/bin/gnu/h-x86_64-mingw32/bin/../lib/gcc/nios2-elf/5.3.0/../../../../../H-x86_64-mingw32/nios2-elf/lib/mno-hw-mul\libsmallc.a(lib_a-memcmp.o)
 .debug_ranges  0x0000000000000168       0x10 k:/intelfpga_lite/18.1/nios2eds/bin/gnu/h-x86_64-mingw32/bin/../lib/gcc/nios2-elf/5.3.0/../../../../../H-x86_64-mingw32/nios2-elf/lib/mno-hw-mul\libsmallc.a(lib_a-memcpy.o)
 .debug_ranges  0x0000000000000178       0x28 k:/intelfpga_lite/18.1/nios2eds/bin/gnu/h-x86_64-mingw32/bin/../lib/gcc/nios2-elf/5.3.0/../../../../../H-x86_64-mingw32/nios2-elf/lib/mno-hw-mul\libsmallc.a(lib_a-__call_atexit.o)
